Archive member included to satisfy reference by file (symbol)

c:/progra~1/raspbe~1/picosd~1.1/gcc-ar~1/bin/../lib/gcc/arm-none-eabi/10.3.1/thumb/v6-m/nofp\libgcc.a(_dvmd_tls.o)
                              CMakeFiles/ADC.dir/C_/Program_Files/Raspberry_Pi/Pico_SDK_v1.5.1/pico-sdk/src/rp2_common/pico_divider/divider.S.obj (__aeabi_idiv0)
c:/progra~1/raspbe~1/picosd~1.1/gcc-ar~1/bin/../lib/gcc/arm-none-eabi/10.3.1/../../../../arm-none-eabi/lib/thumb/v6-m/nofp\libg.a(lib_a-calloc.o)
                              CMakeFiles/ADC.dir/C_/Program_Files/Raspberry_Pi/Pico_SDK_v1.5.1/pico-sdk/src/rp2_common/pico_malloc/pico_malloc.c.obj (calloc)
c:/progra~1/raspbe~1/picosd~1.1/gcc-ar~1/bin/../lib/gcc/arm-none-eabi/10.3.1/../../../../arm-none-eabi/lib/thumb/v6-m/nofp\libg.a(lib_a-callocr.o)
                              c:/progra~1/raspbe~1/picosd~1.1/gcc-ar~1/bin/../lib/gcc/arm-none-eabi/10.3.1/../../../../arm-none-eabi/lib/thumb/v6-m/nofp\libg.a(lib_a-calloc.o) (_calloc_r)
c:/progra~1/raspbe~1/picosd~1.1/gcc-ar~1/bin/../lib/gcc/arm-none-eabi/10.3.1/../../../../arm-none-eabi/lib/thumb/v6-m/nofp\libg.a(lib_a-errno.o)
                              c:/progra~1/raspbe~1/picosd~1.1/gcc-ar~1/bin/../lib/gcc/arm-none-eabi/10.3.1/../../../../arm-none-eabi/lib/thumb/v6-m/nofp\libg.a(lib_a-callocr.o) (__errno)
c:/progra~1/raspbe~1/picosd~1.1/gcc-ar~1/bin/../lib/gcc/arm-none-eabi/10.3.1/../../../../arm-none-eabi/lib/thumb/v6-m/nofp\libg.a(lib_a-fflush.o)
                              CMakeFiles/ADC.dir/ADC.c.obj (fflush)
c:/progra~1/raspbe~1/picosd~1.1/gcc-ar~1/bin/../lib/gcc/arm-none-eabi/10.3.1/../../../../arm-none-eabi/lib/thumb/v6-m/nofp\libg.a(lib_a-findfp.o)
                              c:/progra~1/raspbe~1/picosd~1.1/gcc-ar~1/bin/../lib/gcc/arm-none-eabi/10.3.1/../../../../arm-none-eabi/lib/thumb/v6-m/nofp\libg.a(lib_a-fflush.o) (__sinit)
c:/progra~1/raspbe~1/picosd~1.1/gcc-ar~1/bin/../lib/gcc/arm-none-eabi/10.3.1/../../../../arm-none-eabi/lib/thumb/v6-m/nofp\libg.a(lib_a-freer.o)
                              c:/progra~1/raspbe~1/picosd~1.1/gcc-ar~1/bin/../lib/gcc/arm-none-eabi/10.3.1/../../../../arm-none-eabi/lib/thumb/v6-m/nofp\libg.a(lib_a-fflush.o) (_free_r)
c:/progra~1/raspbe~1/picosd~1.1/gcc-ar~1/bin/../lib/gcc/arm-none-eabi/10.3.1/../../../../arm-none-eabi/lib/thumb/v6-m/nofp\libg.a(lib_a-fwalk.o)
                              c:/progra~1/raspbe~1/picosd~1.1/gcc-ar~1/bin/../lib/gcc/arm-none-eabi/10.3.1/../../../../arm-none-eabi/lib/thumb/v6-m/nofp\libg.a(lib_a-findfp.o) (_fwalk)
c:/progra~1/raspbe~1/picosd~1.1/gcc-ar~1/bin/../lib/gcc/arm-none-eabi/10.3.1/../../../../arm-none-eabi/lib/thumb/v6-m/nofp\libg.a(lib_a-impure.o)
                              c:/progra~1/raspbe~1/picosd~1.1/gcc-ar~1/bin/../lib/gcc/arm-none-eabi/10.3.1/../../../../arm-none-eabi/lib/thumb/v6-m/nofp\libg.a(lib_a-fflush.o) (_global_impure_ptr)
c:/progra~1/raspbe~1/picosd~1.1/gcc-ar~1/bin/../lib/gcc/arm-none-eabi/10.3.1/../../../../arm-none-eabi/lib/thumb/v6-m/nofp\libg.a(lib_a-init.o)
                              c:/progra~1/raspbe~1/picosd~1.1/gcc-ar~1/bin/../lib/gcc/arm-none-eabi/10.3.1/../../../../arm-none-eabi/lib/thumb/v6-m/nofp/crt0.o (__libc_init_array)
c:/progra~1/raspbe~1/picosd~1.1/gcc-ar~1/bin/../lib/gcc/arm-none-eabi/10.3.1/../../../../arm-none-eabi/lib/thumb/v6-m/nofp\libg.a(lib_a-lock.o)
                              c:/progra~1/raspbe~1/picosd~1.1/gcc-ar~1/bin/../lib/gcc/arm-none-eabi/10.3.1/../../../../arm-none-eabi/lib/thumb/v6-m/nofp\libg.a(lib_a-findfp.o) (__retarget_lock_init_recursive)
c:/progra~1/raspbe~1/picosd~1.1/gcc-ar~1/bin/../lib/gcc/arm-none-eabi/10.3.1/../../../../arm-none-eabi/lib/thumb/v6-m/nofp\libg.a(lib_a-malloc.o)
                              CMakeFiles/ADC.dir/C_/Program_Files/Raspberry_Pi/Pico_SDK_v1.5.1/pico-sdk/src/rp2_common/pico_malloc/pico_malloc.c.obj (malloc)
c:/progra~1/raspbe~1/picosd~1.1/gcc-ar~1/bin/../lib/gcc/arm-none-eabi/10.3.1/../../../../arm-none-eabi/lib/thumb/v6-m/nofp\libg.a(lib_a-mallocr.o)
                              c:/progra~1/raspbe~1/picosd~1.1/gcc-ar~1/bin/../lib/gcc/arm-none-eabi/10.3.1/../../../../arm-none-eabi/lib/thumb/v6-m/nofp\libg.a(lib_a-callocr.o) (_malloc_r)
c:/progra~1/raspbe~1/picosd~1.1/gcc-ar~1/bin/../lib/gcc/arm-none-eabi/10.3.1/../../../../arm-none-eabi/lib/thumb/v6-m/nofp\libg.a(lib_a-mlock.o)
                              c:/progra~1/raspbe~1/picosd~1.1/gcc-ar~1/bin/../lib/gcc/arm-none-eabi/10.3.1/../../../../arm-none-eabi/lib/thumb/v6-m/nofp\libg.a(lib_a-freer.o) (__malloc_lock)
c:/progra~1/raspbe~1/picosd~1.1/gcc-ar~1/bin/../lib/gcc/arm-none-eabi/10.3.1/../../../../arm-none-eabi/lib/thumb/v6-m/nofp\libg.a(lib_a-realloc.o)
                              CMakeFiles/ADC.dir/C_/Program_Files/Raspberry_Pi/Pico_SDK_v1.5.1/pico-sdk/src/rp2_common/pico_malloc/pico_malloc.c.obj (realloc)
c:/progra~1/raspbe~1/picosd~1.1/gcc-ar~1/bin/../lib/gcc/arm-none-eabi/10.3.1/../../../../arm-none-eabi/lib/thumb/v6-m/nofp\libg.a(lib_a-reallocr.o)
[...]
Memory Configuration

Name             Origin             Length             Attributes
FLASH            0x10000000         0x00200000         xr
RAM              0x20000000         0x00040000         xrw
SCRATCH_X        0x20040000         0x00001000         xrw
SCRATCH_Y        0x20041000         0x00001000         xrw
*default*        0x00000000         0xffffffff

Linker script and memory map

LOAD c:/progra~1/raspbe~1/picosd~1.1/gcc-ar~1/bin/../lib/gcc/arm-none-eabi/10.3.1/thumb/v6-m/nofp/crti.o
LOAD c:/progra~1/raspbe~1/picosd~1.1/gcc-ar~1/bin/../lib/gcc/arm-none-eabi/10.3.1/thumb/v6-m/nofp/crtbegin.o
LOAD c:/progra~1/raspbe~1/picosd~1.1/gcc-ar~1/bin/../lib/gcc/arm-none-eabi/10.3.1/../../../../arm-none-eabi/lib/thumb/v6-m/nofp/crt0.o

.flash_begin    0x10000000        0x0
                0x10000000                __flash_binary_start = .

.boot2          0x10000000      0x100
                0x10000000                __boot2_start__ = .
 *(.boot2)
 .boot2         0x10000000      0x100 C:\Users\PITEL\AppData\Local\Temp\cckPO43t.o
                0x10000100                __boot2_end__ = .
                0x00000001                ASSERT (((__boot2_end__ - __boot2_start__) == 0x100), ERROR: Pico second stage bootloader must be 256 bytes in size)

.text           0x10000100     0x7850
                0x10000100                __logical_binary_start = .
 *(.vectors)
 .vectors       0x10000100       0xd4 CMakeFiles/ADC.dir/C_/Program_Files/Raspberry_Pi/Pico_SDK_v1.5.1/pico-sdk/src/rp2_common/pico_standard_link/crt0.S.obj
                0x10000100                __VECTOR_TABLE
                0x10000100                __vectors
                0x100001c0                isr_invalid
                0x100001c0                __default_isrs_start
                0x100001c2                isr_nmi
                0x100001c4                isr_hardfault
                0x100001c6                isr_svcall
                0x100001c8                isr_pendsv
                0x100001ca                isr_systick
                0x100001cc                isr_irq23
                0x100001cc                isr_irq18
                0x100001cc                isr_irq11
                0x100001cc                isr_irq28
                0x100001cc                isr_irq19
                0x100001cc                isr_irq0
                0x100001cc                isr_irq6
                0x100001cc                isr_irq5
                0x100001cc                isr_irq12
                0x100001cc                isr_irq22
                0x100001cc                isr_irq31
                0x100001cc                isr_irq17
                0x100001cc                isr_irq27
                0x100001cc                isr_irq30
                0x100001cc                isr_irq2
                0x100001cc                isr_irq10
                0x100001cc                isr_irq8
                0x100001cc                isr_irq24
                0x100001cc                isr_irq1
                0x100001cc                isr_irq7
                0x100001cc                isr_irq21
                0x100001cc                isr_irq20
                0x100001cc                isr_irq15
                0x100001cc                isr_irq25
                0x100001cc                isr_irq13
                0x100001cc                __unhandled_user_irq
                0x100001cc                isr_irq4
                0x100001cc                isr_irq16
                0x100001cc                isr_irq29
                0x100001cc                isr_irq26
                0x100001cc                __default_isrs_end
                0x100001cc                isr_irq3
                0x100001cc                isr_irq14
                0x100001cc                isr_irq9
                0x100001d2                unhandled_user_irq_num_in_r0
 *(.binary_info_header)
 .binary_info_header
                0x100001d4       0x14 CMakeFiles/ADC.dir/C_/Program_Files/Raspberry_Pi/Pico_SDK_v1.5.1/pico-sdk/src/rp2_common/pico_standard_link/crt0.S.obj
                0x100001e8                __binary_info_header_end = .
 *(.reset)
 .reset         0x100001e8       0xa0 CMakeFiles/ADC.dir/C_/Program_Files/Raspberry_Pi/Pico_SDK_v1.5.1/pico-sdk/src/rp2_common/pico_standard_link/crt0.S.obj
                0x100001e8                _entry_point
 .reset         0x10000288       0x30 CMakeFiles/ADC.dir/C_/Program_Files/Raspberry_Pi/Pico_SDK_v1.5.1/pico-sdk/src/rp2_common/pico_standard_link/binary_info.c.obj
 *(.init)
 .init          0x100002b8        0x4 c:/progra~1/raspbe~1/picosd~1.1/gcc-ar~1/bin/../lib/gcc/arm-none-eabi/10.3.1/thumb/v6-m/nofp/crti.o
                0x100002b8                _init
 *(EXCLUDE_FILE(*libm.a: *libc.a:*lib_a-mem*.o *libgcc.a:) .text*)
 .text          0x100002bc       0x48 c:/progra~1/raspbe~1/picosd~1.1/gcc-ar~1/bin/../lib/gcc/arm-none-eabi/10.3.1/thumb/v6-m/nofp/crtbegin.o
 .text.main     0x10000304       0xb0 CMakeFiles/ADC.dir/ADC.c.obj
                0x10000304                main
 .text.gpio_set_function
                0x100003b4       0x30 CMakeFiles/ADC.dir/C_/Program_Files/Raspberry_Pi/Pico_SDK_v1.5.1/pico-sdk/src/rp2_common/hardware_gpio/gpio.c.obj
                0x100003b4                gpio_set_function
 .text.gpio_set_pulls
                0x100003e4       0x34 CMakeFiles/ADC.dir/C_/Program_Files/Raspberry_Pi/Pico_SDK_v1.5.1/pico-sdk/src/rp2_common/hardware_gpio/gpio.c.obj
                0x100003e4                gpio_set_pulls
 .text.gpio_set_input_enabled
                0x10000418       0x30 CMakeFiles/ADC.dir/C_/Program_Files/Raspberry_Pi/Pico_SDK_v1.5.1/pico-sdk/src/rp2_common/hardware_gpio/gpio.c.obj
                0x10000418                gpio_set_input_enabled
 .text.running_on_fpga
                0x10000448       0x14 CMakeFiles/ADC.dir/C_/Program_Files/Raspberry_Pi/Pico_SDK_v1.5.1/pico-sdk/src/rp2_common/pico_platform/platform.c.obj
                0x10000448                running_on_fpga
 .text.hw_claim_lock
                0x1000045c       0x18 CMakeFiles/ADC.dir/C_/Program_Files/Raspberry_Pi/Pico_SDK_v1.5.1/pico-sdk/src/rp2_common/hardware_claim/claim.c.obj
                0x1000045c                hw_claim_lock
 .text.hw_claim_unlock
                0x10000474       0x14 CMakeFiles/ADC.dir/C_/Program_Files/Raspberry_Pi/Pico_SDK_v1.5.1/pico-sdk/src/rp2_common/hardware_claim/claim.c.obj
                0x10000474                hw_claim_unlock
 .text.hw_claim_or_assert
                0x10000488       0x32 CMakeFiles/ADC.dir/C_/Program_Files/Raspberry_Pi/Pico_SDK_v1.5.1/pico-sdk/src/rp2_common/hardware_claim/claim.c.obj
                0x10000488                hw_claim_or_assert
 .text.hw_claim_unused_from_range
                0x100004ba       0x50 CMakeFiles/ADC.dir/C_/Program_Files/Raspberry_Pi/Pico_SDK_v1.5.1/pico-sdk/src/rp2_common/hardware_claim/claim.c.obj
                0x100004ba                hw_claim_unused_from_range
 *fill*         0x1000050a        0x2 
 .text.spin_locks_reset
                0x1000050c       0x20 CMakeFiles/ADC.dir/C_/Program_Files/Raspberry_Pi/Pico_SDK_v1.5.1/pico-sdk/src/rp2_common/hardware_sync/sync.c.obj
                0x1000050c                spin_locks_reset
 .text.next_striped_spin_lock_num
                0x1000052c       0x1c CMakeFiles/ADC.dir/C_/Program_Files/Raspberry_Pi/Pico_SDK_v1.5.1/pico-sdk/src/rp2_common/hardware_sync/sync.c.obj
                0x1000052c                next_striped_spin_lock_num
 .text.spin_lock_claim_unused
                0x10000548       0x20 CMakeFiles/ADC.dir/C_/Program_Files/Raspberry_Pi/Pico_SDK_v1.5.1/pico-sdk/src/rp2_common/hardware_sync/sync.c.obj
                0x10000548                spin_lock_claim_unused
 .text.set_raw_irq_handler_and_unlock
                0x10000568       0x28 CMakeFiles/ADC.dir/C_/Program_Files/Raspberry_Pi/Pico_SDK_v1.5.1/pico-sdk/src/rp2_common/hardware_irq/irq.c.obj
 .text.make_branch
                0x10000590       0x48 CMakeFiles/ADC.dir/C_/Program_Files/Raspberry_Pi/Pico_SDK_v1.5.1/pico-sdk/src/rp2_common/hardware_irq/irq.c.obj
 .text.insert_branch_and_link
                0x100005d8       0x40 CMakeFiles/ADC.dir/C_/Program_Files/Raspberry_Pi/Pico_SDK_v1.5.1/pico-sdk/src/rp2_common/hardware_irq/irq.c.obj
 .text.irq_is_enabled
                0x10000618       0x18 CMakeFiles/ADC.dir/C_/Program_Files/Raspberry_Pi/Pico_SDK_v1.5.1/pico-sdk/src/rp2_common/hardware_irq/irq.c.obj
                0x10000618                irq_is_enabled
 .text.irq_set_mask_enabled
                0x10000630       0x20 CMakeFiles/ADC.dir/C_/Program_Files/Raspberry_Pi/Pico_SDK_v1.5.1/pico-sdk/src/rp2_common/hardware_irq/irq.c.obj
                0x10000630                irq_set_mask_enabled
 .text.irq_set_enabled
                0x10000650        0xe CMakeFiles/ADC.dir/C_/Program_Files/Raspberry_Pi/Pico_SDK_v1.5.1/pico-sdk/src/rp2_common/hardware_irq/irq.c.obj
                0x10000650                irq_set_enabled
 *fill*         0x1000065e        0x2 
 .text.irq_set_pending
                0x10000660       0x10 CMakeFiles/ADC.dir/C_/Program_Files/Raspberry_Pi/Pico_SDK_v1.5.1/pico-sdk/src/rp2_common/hardware_irq/irq.c.obj
                0x10000660                irq_set_pending
 .text.irq_get_vtable_handler
                0x10000670       0x10 CMakeFiles/ADC.dir/C_/Program_Files/Raspberry_Pi/Pico_SDK_v1.5.1/pico-sdk/src/rp2_common/hardware_irq/irq.c.obj
                0x10000670                irq_get_vtable_handler
 .text.irq_has_shared_handler
                0x10000680       0x24 CMakeFiles/ADC.dir/C_/Program_Files/Raspberry_Pi/Pico_SDK_v1.5.1/pico-sdk/src/rp2_common/hardware_irq/irq.c.obj
                0x10000680                irq_has_shared_handler
 .text.irq_set_exclusive_handler
                0x100006a4       0x54 CMakeFiles/ADC.dir/C_/Program_Files/Raspberry_Pi/Pico_SDK_v1.5.1/pico-sdk/src/rp2_common/hardware_irq/irq.c.obj
                0x100006a4                irq_set_exclusive_handler
 .text.irq_add_shared_handler
                0x100006f8      0x234 CMakeFiles/ADC.dir/C_/Program_Files/Raspberry_Pi/Pico_SDK_v1.5.1/pico-sdk/src/rp2_common/hardware_irq/irq.c.obj
                0x100006f8                irq_add_shared_handler
 .text.irq_remove_handler
                0x1000092c      0x1ac CMakeFiles/ADC.dir/C_/Program_Files/Raspberry_Pi/Pico_SDK_v1.5.1/pico-sdk/src/rp2_common/hardware_irq/irq.c.obj
                0x1000092c                irq_remove_handler
 .text.irq_add_tail_to_free_list
                0x10000ad8       0xf0 CMakeFiles/ADC.dir/C_/Program_Files/Raspberry_Pi/Pico_SDK_v1.5.1/pico-sdk/src/rp2_common/hardware_irq/irq.c.obj
                0x10000ad8                irq_add_tail_to_free_list
 .text.irq_init_priorities
                0x10000bc8       0x1c CMakeFiles/ADC.dir/C_/Program_Files/Raspberry_Pi/Pico_SDK_v1.5.1/pico-sdk/src/rp2_common/hardware_irq/irq.c.obj
                0x10000bc8                irq_init_priorities
 .text.user_irq_claim_unused
                0x10000be4       0x28 CMakeFiles/ADC.dir/C_/Program_Files/Raspberry_Pi/Pico_SDK_v1.5.1/pico-sdk/src/rp2_common/hardware_irq/irq.c.obj
                0x10000be4                user_irq_claim_unused
 .text.lock_init
                0x10000c0c       0x10 CMakeFiles/ADC.dir/C_/Program_Files/Raspberry_Pi/Pico_SDK_v1.5.1/pico-sdk/src/common/pico_sync/lock_core.c.obj
                0x10000c0c                lock_init
 .text.mutex_init
                0x10000c1c       0x1a CMakeFiles/ADC.dir/C_/Program_Files/Raspberry_Pi/Pico_SDK_v1.5.1/pico-sdk/src/common/pico_sync/mutex.c.obj
                0x10000c1c                mutex_init
 .text.recursive_mutex_init
                0x10000c36       0x1e CMakeFiles/ADC.dir/C_/Program_Files/Raspberry_Pi/Pico_SDK_v1.5.1/pico-sdk/src/common/pico_sync/mutex.c.obj
                0x10000c36                recursive_mutex_init
 .text.critical_section_init_with_lock_num
                0x10000c54       0x14 CMakeFiles/ADC.dir/C_/Program_Files/Raspberry_Pi/Pico_SDK_v1.5.1/pico-sdk/src/common/pico_sync/critical_section.c.obj
                0x10000c54                critical_section_init_with_lock_num
 .text.critical_section_init
                0x10000c68       0x14 CMakeFiles/ADC.dir/C_/Program_Files/Raspberry_Pi/Pico_SDK_v1.5.1/pico-sdk/src/common/pico_sync/critical_section.c.obj
                0x10000c68                critical_section_init
 .text.alarm_pool_post_alloc_init
                0x10000c7c       0x40 CMakeFiles/ADC.dir/C_/Program_Files/Raspberry_Pi/Pico_SDK_v1.5.1/pico-sdk/src/common/pico_time/time.c.obj
 .text.sleep_until_callback
                0x10000cbc       0x30 CMakeFiles/ADC.dir/C_/Program_Files/Raspberry_Pi/Pico_SDK_v1.5.1/pico-sdk/src/common/pico_time/time.c.obj
 .text.timer_pool_entry_comparator
                0x10000cec       0x7c CMakeFiles/ADC.dir/C_/Program_Files/Raspberry_Pi/Pico_SDK_v1.5.1/pico-sdk/src/common/pico_time/time.c.obj
                0x10000cec                timer_pool_entry_comparator
 .text.ph_add_child_node
                0x10000d68       0xa4 CMakeFiles/ADC.dir/C_/Program_Files/Raspberry_Pi/Pico_SDK_v1.5.1/pico-sdk/src/common/pico_time/time.c.obj
 .text.ph_merge_nodes
                0x10000e0c       0x3e CMakeFiles/ADC.dir/C_/Program_Files/Raspberry_Pi/Pico_SDK_v1.5.1/pico-sdk/src/common/pico_time/time.c.obj
 *fill*         0x10000e4a        0x2 
 .text.add_alarm_under_lock
                0x10000e4c      0x174 CMakeFiles/ADC.dir/C_/Program_Files/Raspberry_Pi/Pico_SDK_v1.5.1/pico-sdk/src/common/pico_time/time.c.obj
 .text.alarm_pool_alarm_callback
                0x10000fc0      0x33c CMakeFiles/ADC.dir/C_/Program_Files/Raspberry_Pi/Pico_SDK_v1.5.1/pico-sdk/src/common/pico_time/time.c.obj
 .text.alarm_pool_init_default
                0x100012fc       0x40 CMakeFiles/ADC.dir/C_/Program_Files/Raspberry_Pi/Pico_SDK_v1.5.1/pico-sdk/src/common/pico_time/time.c.obj
                0x100012fc                alarm_pool_init_default
 .text.alarm_pool_get_default
                0x1000133c       0x2c CMakeFiles/ADC.dir/C_/Program_Files/Raspberry_Pi/Pico_SDK_v1.5.1/pico-sdk/src/common/pico_time/time.c.obj
                0x1000133c                alarm_pool_get_default
 .text.alarm_pool_add_alarm_at
                0x10001368      0x168 CMakeFiles/ADC.dir/C_/Program_Files/Raspberry_Pi/Pico_SDK_v1.5.1/pico-sdk/src/common/pico_time/time.c.obj
                0x10001368                alarm_pool_add_alarm_at
 .text.alarm_pool_cancel_alarm
                0x100014d0       0xf8 CMakeFiles/ADC.dir/C_/Program_Files/Raspberry_Pi/Pico_SDK_v1.5.1/pico-sdk/src/common/pico_time/time.c.obj
                0x100014d0                alarm_pool_cancel_alarm
 .text.alarm_pool_core_num
                0x100015c8        0x4 CMakeFiles/ADC.dir/C_/Program_Files/Raspberry_Pi/Pico_SDK_v1.5.1/pico-sdk/src/common/pico_time/time.c.obj
                0x100015c8                alarm_pool_core_num
 .text.sleep_until
                0x100015cc       0xfc CMakeFiles/ADC.dir/C_/Program_Files/Raspberry_Pi/Pico_SDK_v1.5.1/pico-sdk/src/common/pico_time/time.c.obj
                0x100015cc                sleep_until
 .text.sleep_us
                0x100016c8       0x58 CMakeFiles/ADC.dir/C_/Program_Files/Raspberry_Pi/Pico_SDK_v1.5.1/pico-sdk/src/common/pico_time/time.c.obj
                0x100016c8                sleep_us
 .text.sleep_ms
                0x10001720       0x14 CMakeFiles/ADC.dir/C_/Program_Files/Raspberry_Pi/Pico_SDK_v1.5.1/pico-sdk/src/common/pico_time/time.c.obj
                0x10001720                sleep_ms
 .text.best_effort_wfe_or_timeout
                0x10001734       0xac CMakeFiles/ADC.dir/C_/Program_Files/Raspberry_Pi/Pico_SDK_v1.5.1/pico-sdk/src/common/pico_time/time.c.obj
                0x10001734                best_effort_wfe_or_timeout
 .text.hardware_alarm_irq_handler
                0x100017e0       0x90 CMakeFiles/ADC.dir/C_/Program_Files/Raspberry_Pi/Pico_SDK_v1.5.1/pico-sdk/src/rp2_common/hardware_timer/timer.c.obj
 .text.hardware_alarm_claim
                0x10001870       0x18 CMakeFiles/ADC.dir/C_/Program_Files/Raspberry_Pi/Pico_SDK_v1.5.1/pico-sdk/src/rp2_common/hardware_timer/timer.c.obj
                0x10001870                hardware_alarm_claim
 .text.time_us_64
                0x10001888       0x18 CMakeFiles/ADC.dir/C_/Program_Files/Raspberry_Pi/Pico_SDK_v1.5.1/pico-sdk/src/rp2_common/hardware_timer/timer.c.obj
                0x10001888                time_us_64
 .text.busy_wait_until
                0x100018a0       0x28 CMakeFiles/ADC.dir/C_/Program_Files/Raspberry_Pi/Pico_SDK_v1.5.1/pico-sdk/src/rp2_common/hardware_timer/timer.c.obj
                0x100018a0                busy_wait_until
 .text.busy_wait_us
                0x100018c8       0x48 CMakeFiles/ADC.dir/C_/Program_Files/Raspberry_Pi/Pico_SDK_v1.5.1/pico-sdk/src/rp2_common/hardware_timer/timer.c.obj
                0x100018c8                busy_wait_us
 .text.hardware_alarm_set_callback
                0x10001910       0x90 CMakeFiles/ADC.dir/C_/Program_Files/Raspberry_Pi/Pico_SDK_v1.5.1/pico-sdk/src/rp2_common/hardware_timer/timer.c.obj
                0x10001910                hardware_alarm_set_callback
 .text.hardware_alarm_set_target
                0x100019a0       0xe8 CMakeFiles/ADC.dir/C_/Program_Files/Raspberry_Pi/Pico_SDK_v1.5.1/pico-sdk/src/rp2_common/hardware_timer/timer.c.obj
                0x100019a0                hardware_alarm_set_target
 .text.hardware_alarm_cancel
                0x10001a88       0x40 CMakeFiles/ADC.dir/C_/Program_Files/Raspberry_Pi/Pico_SDK_v1.5.1/pico-sdk/src/rp2_common/hardware_timer/timer.c.obj
                0x10001a88                hardware_alarm_cancel
 .text.ph_add_child_node
                0x10001ac8       0xa4 CMakeFiles/ADC.dir/C_/Program_Files/Raspberry_Pi/Pico_SDK_v1.5.1/pico-sdk/src/common/pico_util/pheap.c.obj
 .text.ph_merge_nodes
                0x10001b6c       0x3e CMakeFiles/ADC.dir/C_/Program_Files/Raspberry_Pi/Pico_SDK_v1.5.1/pico-sdk/src/common/pico_util/pheap.c.obj
 *fill*         0x10001baa        0x2 
 .text.ph_clear
                0x10001bac       0x70 CMakeFiles/ADC.dir/C_/Program_Files/Raspberry_Pi/Pico_SDK_v1.5.1/pico-sdk/src/common/pico_util/pheap.c.obj
                0x10001bac                ph_clear
 .text.ph_post_alloc_init
                0x10001c1c        0xe CMakeFiles/ADC.dir/C_/Program_Files/Raspberry_Pi/Pico_SDK_v1.5.1/pico-sdk/src/common/pico_util/pheap.c.obj
                0x10001c1c                ph_post_alloc_init
 *fill*         0x10001c2a        0x2 
 .text.ph_merge_two_pass
                0x10001c2c       0xa8 CMakeFiles/ADC.dir/C_/Program_Files/Raspberry_Pi/Pico_SDK_v1.5.1/pico-sdk/src/common/pico_util/pheap.c.obj
                0x10001c2c                ph_merge_two_pass
 .text.ph_remove_any_head
                0x10001cd4      0x128 CMakeFiles/ADC.dir/C_/Program_Files/Raspberry_Pi/Pico_SDK_v1.5.1/pico-sdk/src/common/pico_util/pheap.c.obj
 .text.ph_remove_head
                0x10001dfc       0x14 CMakeFiles/ADC.dir/C_/Program_Files/Raspberry_Pi/Pico_SDK_v1.5.1/pico-sdk/src/common/pico_util/pheap.c.obj
                0x10001dfc                ph_remove_head
 .text.ph_remove_and_free_node
                0x10001e10       0xf8 CMakeFiles/ADC.dir/C_/Program_Files/Raspberry_Pi/Pico_SDK_v1.5.1/pico-sdk/src/common/pico_util/pheap.c.obj
                0x10001e10                ph_remove_and_free_node
 .text.clock_configure
                0x10001f08      0x108 CMakeFiles/ADC.dir/C_/Program_Files/Raspberry_Pi/Pico_SDK_v1.5.1/pico-sdk/src/rp2_common/hardware_clocks/clocks.c.obj
                0x10001f08                clock_configure
 .text.clocks_init
                0x10002010      0x100 CMakeFiles/ADC.dir/C_/Program_Files/Raspberry_Pi/Pico_SDK_v1.5.1/pico-sdk/src/rp2_common/hardware_clocks/clocks.c.obj
                0x10002010                clocks_init
 .text.pll_init
                0x10002110      0x120 CMakeFiles/ADC.dir/C_/Program_Files/Raspberry_Pi/Pico_SDK_v1.5.1/pico-sdk/src/rp2_common/hardware_pll/pll.c.obj
                0x10002110                pll_init
 .text.watchdog_start_tick
                0x10002230       0x10 CMakeFiles/ADC.dir/C_/Program_Files/Raspberry_Pi/Pico_SDK_v1.5.1/pico-sdk/src/rp2_common/hardware_watchdog/watchdog.c.obj
                0x10002230                watchdog_start_tick
 .text.watchdog_update
                0x10002240       0x14 CMakeFiles/ADC.dir/C_/Program_Files/Raspberry_Pi/Pico_SDK_v1.5.1/pico-sdk/src/rp2_common/hardware_watchdog/watchdog.c.obj
                0x10002240                watchdog_update
 .text._watchdog_enable
                0x10002254       0x78 CMakeFiles/ADC.dir/C_/Program_Files/Raspberry_Pi/Pico_SDK_v1.5.1/pico-sdk/src/rp2_common/hardware_watchdog/watchdog.c.obj
                0x10002254                _watchdog_enable
 .text.watchdog_reboot
                0x100022cc       0x48 CMakeFiles/ADC.dir/C_/Program_Files/Raspberry_Pi/Pico_SDK_v1.5.1/pico-sdk/src/rp2_common/hardware_watchdog/watchdog.c.obj
                0x100022cc                watchdog_reboot
 .text.xosc_init
                0x10002314       0x28 CMakeFiles/ADC.dir/C_/Program_Files/Raspberry_Pi/Pico_SDK_v1.5.1/pico-sdk/src/rp2_common/hardware_xosc/xosc.c.obj
                0x10002314                xosc_init
 .text._exit    0x1000233c        0x4 CMakeFiles/ADC.dir/C_/Program_Files/Raspberry_Pi/Pico_SDK_v1.5.1/pico-sdk/src/rp2_common/pico_runtime/runtime.c.obj
                0x1000233c                _exit
 .text._sbrk    0x10002340       0x38 CMakeFiles/ADC.dir/C_/Program_Files/Raspberry_Pi/Pico_SDK_v1.5.1/pico-sdk/src/rp2_common/pico_runtime/runtime.c.obj
                0x10002340                _sbrk
 .text.exit     0x10002378        0x6 CMakeFiles/ADC.dir/C_/Program_Files/Raspberry_Pi/Pico_SDK_v1.5.1/pico-sdk/src/rp2_common/pico_runtime/runtime.c.obj
                0x10002378                exit
 *fill*         0x1000237e        0x2 
 .text.__assert_func
                0x10002380       0x3c CMakeFiles/ADC.dir/C_/Program_Files/Raspberry_Pi/Pico_SDK_v1.5.1/pico-sdk/src/rp2_common/pico_runtime/runtime.c.obj
                0x10002380                __assert_func
 .text.runtime_init
                0x100023bc       0xf8 CMakeFiles/ADC.dir/C_/Program_Files/Raspberry_Pi/Pico_SDK_v1.5.1/pico-sdk/src/rp2_common/pico_runtime/runtime.c.obj
                0x100023bc                runtime_init
 .text.panic    0x100024b4       0x30 CMakeFiles/ADC.dir/C_/Program_Files/Raspberry_Pi/Pico_SDK_v1.5.1/pico-sdk/src/rp2_common/pico_runtime/runtime.c.obj
                0x100024b4                panic
 .text._out_null
                0x100024e4        0x2 CMakeFiles/ADC.dir/C_/Program_Files/Raspberry_Pi/Pico_SDK_v1.5.1/pico-sdk/src/rp2_common/pico_printf/printf.c.obj
 .text._out_fct
                0x100024e6        0xe CMakeFiles/ADC.dir/C_/Program_Files/Raspberry_Pi/Pico_SDK_v1.5.1/pico-sdk/src/rp2_common/pico_printf/printf.c.obj
 .text._atoi    0x100024f4       0x24 CMakeFiles/ADC.dir/C_/Program_Files/Raspberry_Pi/Pico_SDK_v1.5.1/pico-sdk/src/rp2_common/pico_printf/printf.c.obj
 .text._out_rev
                0x10002518       0xae CMakeFiles/ADC.dir/C_/Program_Files/Raspberry_Pi/Pico_SDK_v1.5.1/pico-sdk/src/rp2_common/pico_printf/printf.c.obj
 .text._ntoa_format
                0x100025c6      0x112 CMakeFiles/ADC.dir/C_/Program_Files/Raspberry_Pi/Pico_SDK_v1.5.1/pico-sdk/src/rp2_common/pico_printf/printf.c.obj
 .text._ntoa_long
                0x100026d8       0xbc CMakeFiles/ADC.dir/C_/Program_Files/Raspberry_Pi/Pico_SDK_v1.5.1/pico-sdk/src/rp2_common/pico_printf/printf.c.obj
 .text._ntoa_long_long
                0x10002794       0xe2 CMakeFiles/ADC.dir/C_/Program_Files/Raspberry_Pi/Pico_SDK_v1.5.1/pico-sdk/src/rp2_common/pico_printf/printf.c.obj
 *fill*         0x10002876        0x2 
 .text._etoa    0x10002878      0x414 CMakeFiles/ADC.dir/C_/Program_Files/Raspberry_Pi/Pico_SDK_v1.5.1/pico-sdk/src/rp2_common/pico_printf/printf.c.obj
 .text._ftoa    0x10002c8c      0x354 CMakeFiles/ADC.dir/C_/Program_Files/Raspberry_Pi/Pico_SDK_v1.5.1/pico-sdk/src/rp2_common/pico_printf/printf.c.obj
 .text._vsnprintf
                0x10002fe0      0x624 CMakeFiles/ADC.dir/C_/Program_Files/Raspberry_Pi/Pico_SDK_v1.5.1/pico-sdk/src/rp2_common/pico_printf/printf.c.obj
 .text.vfctprintf
                0x10003604       0x20 CMakeFiles/ADC.dir/C_/Program_Files/Raspberry_Pi/Pico_SDK_v1.5.1/pico-sdk/src/rp2_common/pico_printf/printf.c.obj
                0x10003604                vfctprintf
 .text          0x10003624       0x10 CMakeFiles/ADC.dir/C_/Program_Files/Raspberry_Pi/Pico_SDK_v1.5.1/pico-sdk/src/rp2_common/pico_bit_ops/bit_ops_aeabi.S.obj
 .text.rom_func_lookup
                0x10003634       0x10 CMakeFiles/ADC.dir/C_/Program_Files/Raspberry_Pi/Pico_SDK_v1.5.1/pico-sdk/src/rp2_common/pico_bootrom/bootrom.c.obj
                0x10003634                rom_func_lookup
 .text.rom_data_lookup
                0x10003644       0x10 CMakeFiles/ADC.dir/C_/Program_Files/Raspberry_Pi/Pico_SDK_v1.5.1/pico-sdk/src/rp2_common/pico_bootrom/bootrom.c.obj
                0x10003644                rom_data_lookup
 .text.rom_funcs_lookup
                0x10003654       0x36 CMakeFiles/ADC.dir/C_/Program_Files/Raspberry_Pi/Pico_SDK_v1.5.1/pico-sdk/src/rp2_common/pico_bootrom/bootrom.c.obj
                0x10003654                rom_funcs_lookup
 *fill*         0x1000368a        0x2 
 .text.__wrap___aeabi_idiv
                0x1000368c       0x50 CMakeFiles/ADC.dir/C_/Program_Files/Raspberry_Pi/Pico_SDK_v1.5.1/pico-sdk/src/rp2_common/pico_divider/divider.S.obj
                0x1000368c                __wrap___aeabi_idivmod
                0x1000368c                divmod_s32s32
                0x1000368c                div_s32s32
                0x1000368c                __wrap___aeabi_idiv
                0x10003694                divmod_s32s32_unsafe
                0x100036c0                divmod_s32s32_savestate
 .text.__wrap___aeabi_uidiv
                0x100036dc       0x4c CMakeFiles/ADC.dir/C_/Program_Files/Raspberry_Pi/Pico_SDK_v1.5.1/pico-sdk/src/rp2_common/pico_divider/divider.S.obj
                0x100036dc                __wrap___aeabi_uidiv
                0x100036dc                __wrap___aeabi_uidivmod
                0x100036dc                div_u32u32
                0x100036dc                divmod_u32u32
                0x100036e4                divmod_u32u32_unsafe
                0x1000370c                divmod_u32u32_savestate
 .text.__wrap___aeabi_ldiv
                0x10003728      0x424 CMakeFiles/ADC.dir/C_/Program_Files/Raspberry_Pi/Pico_SDK_v1.5.1/pico-sdk/src/rp2_common/pico_divider/divider.S.obj
                0x10003728                div_s64s64
                0x10003728                divmod_s64s64
                0x10003728                __wrap___aeabi_ldivmod
                0x10003758                divmod_u64u64
                0x10003758                div_u64u64
                0x10003758                __wrap___aeabi_uldivmod
                0x10003768                divmod_u64u64_savestate
                0x10003788                divmod_s64s64_unsafe
                0x10003810                divmod_u64u64_unsafe
 .text.__wrap___aeabi_darithmetic
                0x10003b4c       0x80 CMakeFiles/ADC.dir/C_/Program_Files/Raspberry_Pi/Pico_SDK_v1.5.1/pico-sdk/src/rp2_common/pico_double/double_aeabi.S.obj
                0x10003b4c                __wrap___aeabi_drsub
                0x10003b52                __wrap___aeabi_dsub
                0x10003b64                __wrap___aeabi_dadd
                0x10003b76                __wrap___aeabi_ddiv
                0x10003bb2                __wrap___aeabi_dmul
 .text.__wrap___aeabi_cdcmple
                0x10003bcc       0x6c CMakeFiles/ADC.dir/C_/Program_Files/Raspberry_Pi/Pico_SDK_v1.5.1/pico-sdk/src/rp2_common/pico_double/double_aeabi.S.obj
                0x10003bcc                __wrap___aeabi_cdrcmple
                0x10003bdc                __wrap___aeabi_cdcmpeq
                0x10003bdc                __wrap___aeabi_cdcmple
 .text.__wrap___aeabi_dcmplt
                0x10003c38        0xc CMakeFiles/ADC.dir/C_/Program_Files/Raspberry_Pi/Pico_SDK_v1.5.1/pico-sdk/src/rp2_common/pico_double/double_aeabi.S.obj
                0x10003c38                __wrap___aeabi_dcmplt
 .text.__wrap___aeabi_dcmple
                0x10003c44       0x10 CMakeFiles/ADC.dir/C_/Program_Files/Raspberry_Pi/Pico_SDK_v1.5.1/pico-sdk/src/rp2_common/pico_double/double_aeabi.S.obj
                0x10003c44                __wrap___aeabi_dcmple
 .text.__wrap___aeabi_dcmpge
                0x10003c54       0x10 CMakeFiles/ADC.dir/C_/Program_Files/Raspberry_Pi/Pico_SDK_v1.5.1/pico-sdk/src/rp2_common/pico_double/double_aeabi.S.obj
                0x10003c54                __wrap___aeabi_dcmpge
 .text.__wrap___aeabi_dcmpgt
                0x10003c64        0xa CMakeFiles/ADC.dir/C_/Program_Files/Raspberry_Pi/Pico_SDK_v1.5.1/pico-sdk/src/rp2_common/pico_double/double_aeabi.S.obj
                0x10003c64                __wrap___aeabi_dcmpgt
 .text.__wrap___aeabi_dcmpun
                0x10003c6e       0x1c CMakeFiles/ADC.dir/C_/Program_Files/Raspberry_Pi/Pico_SDK_v1.5.1/pico-sdk/src/rp2_common/pico_double/double_aeabi.S.obj
                0x10003c6e                __wrap___aeabi_dcmpun
 *fill*         0x10003c8a        0x2 
 .text.__wrap___aeabi_i2d
                0x10003c8c       0x38 CMakeFiles/ADC.dir/C_/Program_Files/Raspberry_Pi/Pico_SDK_v1.5.1/pico-sdk/src/rp2_common/pico_double/double_aeabi.S.obj
                0x10003c8c                __wrap___aeabi_ui2d
                0x10003c94                __wrap___aeabi_i2d
 .text.__wrap___aeabi_d2iz
                0x10003cc4       0x48 CMakeFiles/ADC.dir/C_/Program_Files/Raspberry_Pi/Pico_SDK_v1.5.1/pico-sdk/src/rp2_common/pico_double/double_aeabi.S.obj
                0x10003cc4                double2int_z
                0x10003cc4                __wrap___aeabi_d2iz
 .text.__wrap___aeabi_d2uiz
                0x10003d0c       0x18 CMakeFiles/ADC.dir/C_/Program_Files/Raspberry_Pi/Pico_SDK_v1.5.1/pico-sdk/src/rp2_common/pico_double/double_aeabi.S.obj
                0x10003d0c                __wrap___aeabi_d2uiz
                0x10003d0c                double2uint
 .text.__aeabi_double_init
                0x10003d24       0xc8 CMakeFiles/ADC.dir/C_/Program_Files/Raspberry_Pi/Pico_SDK_v1.5.1/pico-sdk/src/rp2_common/pico_double/double_init_rom.c.obj
                0x10003d24                __aeabi_double_init
 .text.double_table_shim_on_use_helper
                0x10003dec       0x34 CMakeFiles/ADC.dir/C_/Program_Files/Raspberry_Pi/Pico_SDK_v1.5.1/pico-sdk/src/rp2_common/pico_double/double_v1_rom_shim.S.obj
                0x10003dec                double_table_shim_on_use_helper
 .text.__wrap___aeabi_dsub
                0x10003e20       0x10 CMakeFiles/ADC.dir/C_/Program_Files/Raspberry_Pi/Pico_SDK_v1.5.1/pico-sdk/src/rp2_common/pico_double/double_v1_rom_shim.S.obj
                0x10003e20                drsub_shim
                0x10003e26                dsub_shim
 .text.dadd_shim
                0x10003e30      0x15c CMakeFiles/ADC.dir/C_/Program_Files/Raspberry_Pi/Pico_SDK_v1.5.1/pico-sdk/src/rp2_common/pico_double/double_v1_rom_shim.S.obj
                0x10003e30                dadd_shim
 .text.dmul_shim
                0x10003f8c      0x15c CMakeFiles/ADC.dir/C_/Program_Files/Raspberry_Pi/Pico_SDK_v1.5.1/pico-sdk/src/rp2_common/pico_double/double_v1_rom_shim.S.obj
                0x10003f8c                dmul_shim
 .text.ddiv_shim
                0x100040e8      0x1b0 CMakeFiles/ADC.dir/C_/Program_Files/Raspberry_Pi/Pico_SDK_v1.5.1/pico-sdk/src/rp2_common/pico_double/double_v1_rom_shim.S.obj
                0x100040e8                ddiv_shim
 .text.double2uint_shim
                0x10004298        0xe CMakeFiles/ADC.dir/C_/Program_Files/Raspberry_Pi/Pico_SDK_v1.5.1/pico-sdk/src/rp2_common/pico_double/double_v1_rom_shim.S.obj
                0x10004298                double2uint_shim
                0x1000429a                double2ufix_shim
 *fill*         0x100042a6        0x2 
 .text.double2uint64_shim
                0x100042a8       0x70 CMakeFiles/ADC.dir/C_/Program_Files/Raspberry_Pi/Pico_SDK_v1.5.1/pico-sdk/src/rp2_common/pico_double/double_v1_rom_shim.S.obj
                0x100042a8                double2uint64_shim
                0x100042aa                double2ufix64_shim
                0x100042ca                d2fix_a
 .text.dunpacks
                0x10004318       0x3c CMakeFiles/ADC.dir/C_/Program_Files/Raspberry_Pi/Pico_SDK_v1.5.1/pico-sdk/src/rp2_common/pico_double/double_v1_rom_shim.S.obj
                0x10004318                dunpacks
 .text.__aeabi_lmul
                0x10004354       0x32 CMakeFiles/ADC.dir/C_/Program_Files/Raspberry_Pi/Pico_SDK_v1.5.1/pico-sdk/src/rp2_common/pico_int64_ops/pico_int64_ops_aeabi.S.obj
                0x10004354                __wrap___aeabi_lmul
 *fill*         0x10004386        0x2 
 .text.__wrap___aeabi_farithmetic
                0x10004388       0x58 CMakeFiles/ADC.dir/C_/Program_Files/Raspberry_Pi/Pico_SDK_v1.5.1/pico-sdk/src/rp2_common/pico_float/float_aeabi.S.obj
                0x10004388                __wrap___aeabi_frsub
                0x1000438e                __wrap___aeabi_fsub
                0x10004398                __wrap___aeabi_fadd
                0x100043a2                __wrap___aeabi_fdiv
                0x100043ce                __wrap___aeabi_fmul
 .text.__wrap___aeabi_i2f
                0x100043e0       0x44 CMakeFiles/ADC.dir/C_/Program_Files/Raspberry_Pi/Pico_SDK_v1.5.1/pico-sdk/src/rp2_common/pico_float/float_aeabi.S.obj
                0x100043e0                __wrap___aeabi_i2f
 .text.__wrap___aeabi_f2d
                0x10004424       0x14 CMakeFiles/ADC.dir/C_/Program_Files/Raspberry_Pi/Pico_SDK_v1.5.1/pico-sdk/src/rp2_common/pico_float/float_aeabi.S.obj
                0x10004424                __wrap___aeabi_f2d
 .text.__aeabi_float_init
                0x10004438       0xfc CMakeFiles/ADC.dir/C_/Program_Files/Raspberry_Pi/Pico_SDK_v1.5.1/pico-sdk/src/rp2_common/pico_float/float_init_rom.c.obj
                0x10004438                __aeabi_float_init
 .text.float_table_shim_on_use_helper
                0x10004534       0x34 CMakeFiles/ADC.dir/C_/Program_Files/Raspberry_Pi/Pico_SDK_v1.5.1/pico-sdk/src/rp2_common/pico_float/float_v1_rom_shim.S.obj
                0x10004534                float_table_shim_on_use_helper
 .text.float2double_shim
                0x10004568       0x30 CMakeFiles/ADC.dir/C_/Program_Files/Raspberry_Pi/Pico_SDK_v1.5.1/pico-sdk/src/rp2_common/pico_float/float_v1_rom_shim.S.obj
                0x10004568                float2double_shim
 .text          0x10004598       0x10 CMakeFiles/ADC.dir/C_/Program_Files/Raspberry_Pi/Pico_SDK_v1.5.1/pico-sdk/src/rp2_common/pico_mem_ops/mem_ops_aeabi.S.obj
                0x10004598                __aeabi_mem_init
 .text.memset   0x100045a8        0xc CMakeFiles/ADC.dir/C_/Program_Files/Raspberry_Pi/Pico_SDK_v1.5.1/pico-sdk/src/rp2_common/pico_mem_ops/mem_ops_aeabi.S.obj
                0x100045a8                __wrap_memset
 .text.memcpy   0x100045b4        0xc CMakeFiles/ADC.dir/C_/Program_Files/Raspberry_Pi/Pico_SDK_v1.5.1/pico-sdk/src/rp2_common/pico_mem_ops/mem_ops_aeabi.S.obj
                0x100045b4                __wrap_memcpy
                0x100045b4                __wrap___aeabi_memcpy
 .text.stdio_out_chars_no_crlf
                0x100045c0        0xe CMakeFiles/ADC.dir/C_/Program_Files/Raspberry_Pi/Pico_SDK_v1.5.1/pico-sdk/src/rp2_common/pico_stdio/stdio.c.obj
 *fill*         0x100045ce        0x2 
 .text.stdio_out_chars_crlf
                0x100045d0       0x80 CMakeFiles/ADC.dir/C_/Program_Files/Raspberry_Pi/Pico_SDK_v1.5.1/pico-sdk/src/rp2_common/pico_stdio/stdio.c.obj
 .text.stdio_stack_buffer_flush
                0x10004650       0x44 CMakeFiles/ADC.dir/C_/Program_Files/Raspberry_Pi/Pico_SDK_v1.5.1/pico-sdk/src/rp2_common/pico_stdio/stdio.c.obj
 .text.stdio_buffered_printer
                0x10004694       0x20 CMakeFiles/ADC.dir/C_/Program_Files/Raspberry_Pi/Pico_SDK_v1.5.1/pico-sdk/src/rp2_common/pico_stdio/stdio.c.obj
 .text.stdio_get_until
                0x100046b4       0x80 CMakeFiles/ADC.dir/C_/Program_Files/Raspberry_Pi/Pico_SDK_v1.5.1/pico-sdk/src/rp2_common/pico_stdio/stdio.c.obj
 .text.stdout_serialize_begin
                0x10004734       0x5c CMakeFiles/ADC.dir/C_/Program_Files/Raspberry_Pi/Pico_SDK_v1.5.1/pico-sdk/src/rp2_common/pico_stdio/stdio.c.obj
                0x10004734                stdout_serialize_begin
 .text.stdout_serialize_end
                0x10004790       0x10 CMakeFiles/ADC.dir/C_/Program_Files/Raspberry_Pi/Pico_SDK_v1.5.1/pico-sdk/src/rp2_common/pico_stdio/stdio.c.obj
                0x10004790                stdout_serialize_end
 .text.stdio_put_string
                0x100047a0       0x98 CMakeFiles/ADC.dir/C_/Program_Files/Raspberry_Pi/Pico_SDK_v1.5.1/pico-sdk/src/rp2_common/pico_stdio/stdio.c.obj
 .text._read    0x10004838       0x24 CMakeFiles/ADC.dir/C_/Program_Files/Raspberry_Pi/Pico_SDK_v1.5.1/pico-sdk/src/rp2_common/pico_stdio/stdio.c.obj
                0x10004838                _read
 .text._write   0x1000485c       0x22 CMakeFiles/ADC.dir/C_/Program_Files/Raspberry_Pi/Pico_SDK_v1.5.1/pico-sdk/src/rp2_common/pico_stdio/stdio.c.obj
                0x1000485c                _write
 .text._close   0x1000487e        0x6 CMakeFiles/ADC.dir/C_/Program_Files/Raspberry_Pi/Pico_SDK_v1.5.1/pico-sdk/src/rp2_common/pico_stdio/stdio.c.obj
                0x1000487e                _close
 .text._lseek   0x10004884        0x6 CMakeFiles/ADC.dir/C_/Program_Files/Raspberry_Pi/Pico_SDK_v1.5.1/pico-sdk/src/rp2_common/pico_stdio/stdio.c.obj
                0x10004884                _lseek
 *fill*         0x1000488a        0x2 
 .text.stdio_set_driver_enabled
                0x1000488c       0x2c CMakeFiles/ADC.dir/C_/Program_Files/Raspberry_Pi/Pico_SDK_v1.5.1/pico-sdk/src/rp2_common/pico_stdio/stdio.c.obj
                0x1000488c                stdio_set_driver_enabled
 .text.stdio_flush
                0x100048b8       0x20 CMakeFiles/ADC.dir/C_/Program_Files/Raspberry_Pi/Pico_SDK_v1.5.1/pico-sdk/src/rp2_common/pico_stdio/stdio.c.obj
                0x100048b8                stdio_flush
 .text.__wrap_puts
                0x100048d8       0x1e CMakeFiles/ADC.dir/C_/Program_Files/Raspberry_Pi/Pico_SDK_v1.5.1/pico-sdk/src/rp2_common/pico_stdio/stdio.c.obj
                0x100048d8                __wrap_puts
 *fill*         0x100048f6        0x2 
 .text.__wrap_vprintf
                0x100048f8       0x40 CMakeFiles/ADC.dir/C_/Program_Files/Raspberry_Pi/Pico_SDK_v1.5.1/pico-sdk/src/rp2_common/pico_stdio/stdio.c.obj
                0x100048f8                __wrap_vprintf
 .text.__wrap_printf
                0x10004938       0x18 CMakeFiles/ADC.dir/C_/Program_Files/Raspberry_Pi/Pico_SDK_v1.5.1/pico-sdk/src/rp2_common/pico_stdio/stdio.c.obj
                0x10004938                __wrap_printf
 .text.stdio_init_all
                0x10004950        0x8 CMakeFiles/ADC.dir/C_/Program_Files/Raspberry_Pi/Pico_SDK_v1.5.1/pico-sdk/src/rp2_common/pico_stdio/stdio.c.obj
                0x10004950                stdio_init_all
 .text.resetd_init
                0x10004958        0x2 CMakeFiles/ADC.dir/C_/Program_Files/Raspberry_Pi/Pico_SDK_v1.5.1/pico-sdk/src/rp2_common/pico_stdio_usb/reset_interface.c.obj
 *fill*         0x1000495a        0x2 
 .text.resetd_reset
                0x1000495c        0xc CMakeFiles/ADC.dir/C_/Program_Files/Raspberry_Pi/Pico_SDK_v1.5.1/pico-sdk/src/rp2_common/pico_stdio_usb/reset_interface.c.obj
 .text.resetd_open
                0x10004968       0x34 CMakeFiles/ADC.dir/C_/Program_Files/Raspberry_Pi/Pico_SDK_v1.5.1/pico-sdk/src/rp2_common/pico_stdio_usb/reset_interface.c.obj
 .text.resetd_xfer_cb
                0x1000499c        0x4 CMakeFiles/ADC.dir/C_/Program_Files/Raspberry_Pi/Pico_SDK_v1.5.1/pico-sdk/src/rp2_common/pico_stdio_usb/reset_interface.c.obj
 .text.reset_usb_boot
                0x100049a0       0x18 CMakeFiles/ADC.dir/C_/Program_Files/Raspberry_Pi/Pico_SDK_v1.5.1/pico-sdk/src/rp2_common/pico_stdio_usb/reset_interface.c.obj
 .text.resetd_control_xfer_cb
                0x100049b8       0x5c CMakeFiles/ADC.dir/C_/Program_Files/Raspberry_Pi/Pico_SDK_v1.5.1/pico-sdk/src/rp2_common/pico_stdio_usb/reset_interface.c.obj
 .text.usbd_app_driver_get_cb
                0x10004a14        0xc CMakeFiles/ADC.dir/C_/Program_Files/Raspberry_Pi/Pico_SDK_v1.5.1/pico-sdk/src/rp2_common/pico_stdio_usb/reset_interface.c.obj
                0x10004a14                usbd_app_driver_get_cb
 .text.tud_cdc_line_coding_cb
                0x10004a20       0x28 CMakeFiles/ADC.dir/C_/Program_Files/Raspberry_Pi/Pico_SDK_v1.5.1/pico-sdk/src/rp2_common/pico_stdio_usb/reset_interface.c.obj
                0x10004a20                tud_cdc_line_coding_cb
 .text.stdio_usb_set_chars_available_callback
                0x10004a48       0x14 CMakeFiles/ADC.dir/C_/Program_Files/Raspberry_Pi/Pico_SDK_v1.5.1/pico-sdk/src/rp2_common/pico_stdio_usb/stdio_usb.c.obj
                0x10004a48                stdio_usb_set_chars_available_callback
 .text.usb_irq  0x10004a5c       0x10 CMakeFiles/ADC.dir/C_/Program_Files/Raspberry_Pi/Pico_SDK_v1.5.1/pico-sdk/src/rp2_common/pico_stdio_usb/stdio_usb.c.obj
 .text.timer_task
                0x10004a6c       0x5c CMakeFiles/ADC.dir/C_/Program_Files/Raspberry_Pi/Pico_SDK_v1.5.1/pico-sdk/src/rp2_common/pico_stdio_usb/stdio_usb.c.obj
 .text.low_priority_worker_irq
                0x10004ac8       0xdc CMakeFiles/ADC.dir/C_/Program_Files/Raspberry_Pi/Pico_SDK_v1.5.1/pico-sdk/src/rp2_common/pico_stdio_usb/stdio_usb.c.obj
 .text.tud_cdc_rx_cb
                0x10004ba4       0x20 CMakeFiles/ADC.dir/C_/Program_Files/Raspberry_Pi/Pico_SDK_v1.5.1/pico-sdk/src/rp2_common/pico_stdio_usb/stdio_usb.c.obj
                0x10004ba4                tud_cdc_rx_cb
 .text.stdio_usb_init
                0x10004bc4      0x11c CMakeFiles/ADC.dir/C_/Program_Files/Raspberry_Pi/Pico_SDK_v1.5.1/pico-sdk/src/rp2_common/pico_stdio_usb/stdio_usb.c.obj
                0x10004bc4                stdio_usb_init
 .text.stdio_usb_connected
                0x10004ce0        0xa CMakeFiles/ADC.dir/C_/Program_Files/Raspberry_Pi/Pico_SDK_v1.5.1/pico-sdk/src/rp2_common/pico_stdio_usb/stdio_usb.c.obj
                0x10004ce0                stdio_usb_connected
 *fill*         0x10004cea        0x2 
 .text.stdio_usb_in_chars
                0x10004cec       0xc4 CMakeFiles/ADC.dir/C_/Program_Files/Raspberry_Pi/Pico_SDK_v1.5.1/pico-sdk/src/rp2_common/pico_stdio_usb/stdio_usb.c.obj
                0x10004cec                stdio_usb_in_chars
 .text.stdio_usb_out_chars
                0x10004db0      0x114 CMakeFiles/ADC.dir/C_/Program_Files/Raspberry_Pi/Pico_SDK_v1.5.1/pico-sdk/src/rp2_common/pico_stdio_usb/stdio_usb.c.obj
 .text.tud_descriptor_device_cb
                0x10004ec4        0x8 CMakeFiles/ADC.dir/C_/Program_Files/Raspberry_Pi/Pico_SDK_v1.5.1/pico-sdk/src/rp2_common/pico_stdio_usb/stdio_usb_descriptors.c.obj
                0x10004ec4                tud_descriptor_device_cb
 .text.tud_descriptor_configuration_cb
                0x10004ecc        0x8 CMakeFiles/ADC.dir/C_/Program_Files/Raspberry_Pi/Pico_SDK_v1.5.1/pico-sdk/src/rp2_common/pico_stdio_usb/stdio_usb_descriptors.c.obj
                0x10004ecc                tud_descriptor_configuration_cb
 .text.tud_descriptor_string_cb
                0x10004ed4       0x6c CMakeFiles/ADC.dir/C_/Program_Files/Raspberry_Pi/Pico_SDK_v1.5.1/pico-sdk/src/rp2_common/pico_stdio_usb/stdio_usb_descriptors.c.obj
                0x10004ed4                tud_descriptor_string_cb
 .text._retrieve_unique_id_on_boot
                0x10004f40       0x10 CMakeFiles/ADC.dir/C_/Program_Files/Raspberry_Pi/Pico_SDK_v1.5.1/pico-sdk/src/rp2_common/pico_unique_id/unique_id.c.obj
 .text.pico_get_unique_board_id_string
                0x10004f50       0x60 CMakeFiles/ADC.dir/C_/Program_Files/Raspberry_Pi/Pico_SDK_v1.5.1/pico-sdk/src/rp2_common/pico_unique_id/unique_id.c.obj
                0x10004f50                pico_get_unique_board_id_string
 .text.flash_get_unique_id
                0x10004fb0       0x46 CMakeFiles/ADC.dir/C_/Program_Files/Raspberry_Pi/Pico_SDK_v1.5.1/pico-sdk/src/rp2_common/hardware_flash/flash.c.obj
                0x10004fb0                flash_get_unique_id
 *fill*         0x10004ff6        0x2 
 .text.hw_endpoint_get_by_addr
                0x10004ff8       0x18 CMakeFiles/ADC.dir/C_/Program_Files/Raspberry_Pi/Pico_SDK_v1.5.1/pico-sdk/lib/tinyusb/src/portable/raspberrypi/rp2040/dcd_rp2040.c.obj
 .text._hw_endpoint_alloc
                0x10005010       0x70 CMakeFiles/ADC.dir/C_/Program_Files/Raspberry_Pi/Pico_SDK_v1.5.1/pico-sdk/lib/tinyusb/src/portable/raspberrypi/rp2040/dcd_rp2040.c.obj
 .text.hw_endpoint_init
                0x10005080       0x88 CMakeFiles/ADC.dir/C_/Program_Files/Raspberry_Pi/Pico_SDK_v1.5.1/pico-sdk/lib/tinyusb/src/portable/raspberrypi/rp2040/dcd_rp2040.c.obj
 .text.hw_endpoint_xfer
                0x10005108       0x14 CMakeFiles/ADC.dir/C_/Program_Files/Raspberry_Pi/Pico_SDK_v1.5.1/pico-sdk/lib/tinyusb/src/portable/raspberrypi/rp2040/dcd_rp2040.c.obj
 .text.dcd_int_enable
                0x1000511c       0x2c CMakeFiles/ADC.dir/C_/Program_Files/Raspberry_Pi/Pico_SDK_v1.5.1/pico-sdk/lib/tinyusb/src/portable/raspberrypi/rp2040/dcd_rp2040.c.obj
                0x1000511c                dcd_int_enable
 .text.dcd_set_address
                0x10005148       0x2c CMakeFiles/ADC.dir/C_/Program_Files/Raspberry_Pi/Pico_SDK_v1.5.1/pico-sdk/lib/tinyusb/src/portable/raspberrypi/rp2040/dcd_rp2040.c.obj
                0x10005148                dcd_set_address
 .text.dcd_connect
                0x10005174       0x10 CMakeFiles/ADC.dir/C_/Program_Files/Raspberry_Pi/Pico_SDK_v1.5.1/pico-sdk/lib/tinyusb/src/portable/raspberrypi/rp2040/dcd_rp2040.c.obj
                0x10005174                dcd_connect
 .text.dcd_init
                0x10005184       0x80 CMakeFiles/ADC.dir/C_/Program_Files/Raspberry_Pi/Pico_SDK_v1.5.1/pico-sdk/lib/tinyusb/src/portable/raspberrypi/rp2040/dcd_rp2040.c.obj
                0x10005184                dcd_init
 .text.dcd_edpt0_status_complete
                0x10005204       0x1c CMakeFiles/ADC.dir/C_/Program_Files/Raspberry_Pi/Pico_SDK_v1.5.1/pico-sdk/lib/tinyusb/src/portable/raspberrypi/rp2040/dcd_rp2040.c.obj
                0x10005204                dcd_edpt0_status_complete
 .text.dcd_edpt_open
                0x10005220       0x40 CMakeFiles/ADC.dir/C_/Program_Files/Raspberry_Pi/Pico_SDK_v1.5.1/pico-sdk/lib/tinyusb/src/portable/raspberrypi/rp2040/dcd_rp2040.c.obj
                0x10005220                dcd_edpt_open
 .text.dcd_edpt_close_all
                0x10005260        0x8 CMakeFiles/ADC.dir/C_/Program_Files/Raspberry_Pi/Pico_SDK_v1.5.1/pico-sdk/lib/tinyusb/src/portable/raspberrypi/rp2040/dcd_rp2040.c.obj
                0x10005260                dcd_edpt_close_all
 .text.dcd_edpt_xfer
                0x10005268       0x34 CMakeFiles/ADC.dir/C_/Program_Files/Raspberry_Pi/Pico_SDK_v1.5.1/pico-sdk/lib/tinyusb/src/portable/raspberrypi/rp2040/dcd_rp2040.c.obj
                0x10005268                dcd_edpt_xfer
 .text.dcd_edpt_stall
                0x1000529c       0x2c CMakeFiles/ADC.dir/C_/Program_Files/Raspberry_Pi/Pico_SDK_v1.5.1/pico-sdk/lib/tinyusb/src/portable/raspberrypi/rp2040/dcd_rp2040.c.obj
                0x1000529c                dcd_edpt_stall
 .text.dcd_edpt_clear_stall
                0x100052c8       0x20 CMakeFiles/ADC.dir/C_/Program_Files/Raspberry_Pi/Pico_SDK_v1.5.1/pico-sdk/lib/tinyusb/src/portable/raspberrypi/rp2040/dcd_rp2040.c.obj
                0x100052c8                dcd_edpt_clear_stall
 .text.rp2040_usb_init
                0x100052e8       0x4c CMakeFiles/ADC.dir/C_/Program_Files/Raspberry_Pi/Pico_SDK_v1.5.1/pico-sdk/lib/tinyusb/src/portable/raspberrypi/rp2040/rp2040_usb.c.obj
                0x100052e8                rp2040_usb_init
 .text.hw_endpoint_xfer_start
                0x10005334       0x50 CMakeFiles/ADC.dir/C_/Program_Files/Raspberry_Pi/Pico_SDK_v1.5.1/pico-sdk/lib/tinyusb/src/portable/raspberrypi/rp2040/rp2040_usb.c.obj
                0x10005334                hw_endpoint_xfer_start
 .text.configuration_reset
                0x10005384       0x84 CMakeFiles/ADC.dir/C_/Program_Files/Raspberry_Pi/Pico_SDK_v1.5.1/pico-sdk/lib/tinyusb/src/device/usbd.c.obj
 .text.usbd_reset
                0x10005408        0xc CMakeFiles/ADC.dir/C_/Program_Files/Raspberry_Pi/Pico_SDK_v1.5.1/pico-sdk/lib/tinyusb/src/device/usbd.c.obj
 .text.invoke_class_control
                0x10005414       0x1a CMakeFiles/ADC.dir/C_/Program_Files/Raspberry_Pi/Pico_SDK_v1.5.1/pico-sdk/lib/tinyusb/src/device/usbd.c.obj
 *fill*         0x1000542e        0x2 
 .text.process_set_config
                0x10005430      0x178 CMakeFiles/ADC.dir/C_/Program_Files/Raspberry_Pi/Pico_SDK_v1.5.1/pico-sdk/lib/tinyusb/src/device/usbd.c.obj
 .text.process_get_descriptor
                0x100055a8       0xdc CMakeFiles/ADC.dir/C_/Program_Files/Raspberry_Pi/Pico_SDK_v1.5.1/pico-sdk/lib/tinyusb/src/device/usbd.c.obj
 .text.tud_mounted
                0x10005684       0x10 CMakeFiles/ADC.dir/C_/Program_Files/Raspberry_Pi/Pico_SDK_v1.5.1/pico-sdk/lib/tinyusb/src/device/usbd.c.obj
                0x10005684                tud_mounted
 .text.tud_suspended
                0x10005694       0x10 CMakeFiles/ADC.dir/C_/Program_Files/Raspberry_Pi/Pico_SDK_v1.5.1/pico-sdk/lib/tinyusb/src/device/usbd.c.obj
                0x10005694                tud_suspended
 .text.tud_inited
                0x100056a4       0x14 CMakeFiles/ADC.dir/C_/Program_Files/Raspberry_Pi/Pico_SDK_v1.5.1/pico-sdk/lib/tinyusb/src/device/usbd.c.obj
                0x100056a4                tud_inited
 .text.tud_init
                0x100056b8       0xcc CMakeFiles/ADC.dir/C_/Program_Files/Raspberry_Pi/Pico_SDK_v1.5.1/pico-sdk/lib/tinyusb/src/device/usbd.c.obj
                0x100056b8                tud_init
 .text.usbd_defer_func
                0x10005784       0x2a CMakeFiles/ADC.dir/C_/Program_Files/Raspberry_Pi/Pico_SDK_v1.5.1/pico-sdk/lib/tinyusb/src/device/usbd.c.obj
                0x10005784                usbd_defer_func
 *fill*         0x100057ae        0x2 
 .text.usbd_edpt_open
                0x100057b0       0x34 CMakeFiles/ADC.dir/C_/Program_Files/Raspberry_Pi/Pico_SDK_v1.5.1/pico-sdk/lib/tinyusb/src/device/usbd.c.obj
                0x100057b0                usbd_edpt_open
 .text.usbd_open_edpt_pair
                0x100057e4       0x62 CMakeFiles/ADC.dir/C_/Program_Files/Raspberry_Pi/Pico_SDK_v1.5.1/pico-sdk/lib/tinyusb/src/device/usbd.c.obj
                0x100057e4                usbd_open_edpt_pair
 *fill*         0x10005846        0x2 
 .text.usbd_edpt_claim
                0x10005848       0x28 CMakeFiles/ADC.dir/C_/Program_Files/Raspberry_Pi/Pico_SDK_v1.5.1/pico-sdk/lib/tinyusb/src/device/usbd.c.obj
                0x10005848                usbd_edpt_claim
 .text.usbd_edpt_release
                0x10005870       0x28 CMakeFiles/ADC.dir/C_/Program_Files/Raspberry_Pi/Pico_SDK_v1.5.1/pico-sdk/lib/tinyusb/src/device/usbd.c.obj
                0x10005870                usbd_edpt_release
 .text.usbd_edpt_xfer
                0x10005898       0x78 CMakeFiles/ADC.dir/C_/Program_Files/Raspberry_Pi/Pico_SDK_v1.5.1/pico-sdk/lib/tinyusb/src/device/usbd.c.obj
                0x10005898                usbd_edpt_xfer
 .text.usbd_edpt_stall
                0x10005910       0x48 CMakeFiles/ADC.dir/C_/Program_Files/Raspberry_Pi/Pico_SDK_v1.5.1/pico-sdk/lib/tinyusb/src/device/usbd.c.obj
                0x10005910                usbd_edpt_stall
 .text.usbd_edpt_clear_stall
                0x10005958       0x48 CMakeFiles/ADC.dir/C_/Program_Files/Raspberry_Pi/Pico_SDK_v1.5.1/pico-sdk/lib/tinyusb/src/device/usbd.c.obj
                0x10005958                usbd_edpt_clear_stall
 .text.usbd_edpt_stalled
                0x100059a0       0x1c CMakeFiles/ADC.dir/C_/Program_Files/Raspberry_Pi/Pico_SDK_v1.5.1/pico-sdk/lib/tinyusb/src/device/usbd.c.obj
                0x100059a0                usbd_edpt_stalled
 .text.process_control_request
                0x100059bc      0x37c CMakeFiles/ADC.dir/C_/Program_Files/Raspberry_Pi/Pico_SDK_v1.5.1/pico-sdk/lib/tinyusb/src/device/usbd.c.obj
 .text.tud_task_ext
                0x10005d38      0x1b8 CMakeFiles/ADC.dir/C_/Program_Files/Raspberry_Pi/Pico_SDK_v1.5.1/pico-sdk/lib/tinyusb/src/device/usbd.c.obj
                0x10005d38                tud_task_ext
 .text._data_stage_xact
                0x10005ef0       0x58 CMakeFiles/ADC.dir/C_/Program_Files/Raspberry_Pi/Pico_SDK_v1.5.1/pico-sdk/lib/tinyusb/src/device/usbd_control.c.obj
 .text.tud_control_status
                0x10005f48       0x38 CMakeFiles/ADC.dir/C_/Program_Files/Raspberry_Pi/Pico_SDK_v1.5.1/pico-sdk/lib/tinyusb/src/device/usbd_control.c.obj
                0x10005f48                tud_control_status
 .text.tud_control_xfer
                0x10005f80       0x74 CMakeFiles/ADC.dir/C_/Program_Files/Raspberry_Pi/Pico_SDK_v1.5.1/pico-sdk/lib/tinyusb/src/device/usbd_control.c.obj
                0x10005f80                tud_control_xfer
 .text.usbd_control_reset
                0x10005ff4       0x14 CMakeFiles/ADC.dir/C_/Program_Files/Raspberry_Pi/Pico_SDK_v1.5.1/pico-sdk/lib/tinyusb/src/device/usbd_control.c.obj
                0x10005ff4                usbd_control_reset
 .text.usbd_control_set_complete_callback
                0x10006008        0xc CMakeFiles/ADC.dir/C_/Program_Files/Raspberry_Pi/Pico_SDK_v1.5.1/pico-sdk/lib/tinyusb/src/device/usbd_control.c.obj
                0x10006008                usbd_control_set_complete_callback
 .text.usbd_control_set_request
                0x10006014       0x1c CMakeFiles/ADC.dir/C_/Program_Files/Raspberry_Pi/Pico_SDK_v1.5.1/pico-sdk/lib/tinyusb/src/device/usbd_control.c.obj
                0x10006014                usbd_control_set_request
 .text.usbd_control_xfer_cb
                0x10006030       0xcc CMakeFiles/ADC.dir/C_/Program_Files/Raspberry_Pi/Pico_SDK_v1.5.1/pico-sdk/lib/tinyusb/src/device/usbd_control.c.obj
                0x10006030                usbd_control_xfer_cb
 .text._prep_out_transaction
                0x100060fc       0x4a CMakeFiles/ADC.dir/C_/Program_Files/Raspberry_Pi/Pico_SDK_v1.5.1/pico-sdk/lib/tinyusb/src/class/cdc/cdc_device.c.obj
 *fill*         0x10006146        0x2 
 .text.tud_cdc_n_connected
                0x10006148       0x44 CMakeFiles/ADC.dir/C_/Program_Files/Raspberry_Pi/Pico_SDK_v1.5.1/pico-sdk/lib/tinyusb/src/class/cdc/cdc_device.c.obj
                0x10006148                tud_cdc_n_connected
 .text.tud_cdc_n_available
                0x1000618c       0x18 CMakeFiles/ADC.dir/C_/Program_Files/Raspberry_Pi/Pico_SDK_v1.5.1/pico-sdk/lib/tinyusb/src/class/cdc/cdc_device.c.obj
                0x1000618c                tud_cdc_n_available
 .text.tud_cdc_n_read
                0x100061a4       0x28 CMakeFiles/ADC.dir/C_/Program_Files/Raspberry_Pi/Pico_SDK_v1.5.1/pico-sdk/lib/tinyusb/src/class/cdc/cdc_device.c.obj
                0x100061a4                tud_cdc_n_read
 .text.tud_cdc_n_write_flush
                0x100061cc       0xb8 CMakeFiles/ADC.dir/C_/Program_Files/Raspberry_Pi/Pico_SDK_v1.5.1/pico-sdk/lib/tinyusb/src/class/cdc/cdc_device.c.obj
                0x100061cc                tud_cdc_n_write_flush
 .text.tud_cdc_n_write
                0x10006284       0x38 CMakeFiles/ADC.dir/C_/Program_Files/Raspberry_Pi/Pico_SDK_v1.5.1/pico-sdk/lib/tinyusb/src/class/cdc/cdc_device.c.obj
                0x10006284                tud_cdc_n_write
 .text.tud_cdc_n_write_available
                0x100062bc       0x1c CMakeFiles/ADC.dir/C_/Program_Files/Raspberry_Pi/Pico_SDK_v1.5.1/pico-sdk/lib/tinyusb/src/class/cdc/cdc_device.c.obj
                0x100062bc                tud_cdc_n_write_available
 .text.cdcd_init
                0x100062d8       0xbc CMakeFiles/ADC.dir/C_/Program_Files/Raspberry_Pi/Pico_SDK_v1.5.1/pico-sdk/lib/tinyusb/src/class/cdc/cdc_device.c.obj
                0x100062d8                cdcd_init
 .text.cdcd_reset
                0x10006394       0x44 CMakeFiles/ADC.dir/C_/Program_Files/Raspberry_Pi/Pico_SDK_v1.5.1/pico-sdk/lib/tinyusb/src/class/cdc/cdc_device.c.obj
                0x10006394                cdcd_reset
 .text.cdcd_open
                0x100063d8       0xcc CMakeFiles/ADC.dir/C_/Program_Files/Raspberry_Pi/Pico_SDK_v1.5.1/pico-sdk/lib/tinyusb/src/class/cdc/cdc_device.c.obj
                0x100063d8                cdcd_open
 .text.cdcd_control_xfer_cb
                0x100064a4      0x134 CMakeFiles/ADC.dir/C_/Program_Files/Raspberry_Pi/Pico_SDK_v1.5.1/pico-sdk/lib/tinyusb/src/class/cdc/cdc_device.c.obj
                0x100064a4                cdcd_control_xfer_cb
 .text.cdcd_xfer_cb
                0x100065d8      0x130 CMakeFiles/ADC.dir/C_/Program_Files/Raspberry_Pi/Pico_SDK_v1.5.1/pico-sdk/lib/tinyusb/src/class/cdc/cdc_device.c.obj
                0x100065d8                cdcd_xfer_cb
 .text.tusb_init
                0x10006708        0xa CMakeFiles/ADC.dir/C_/Program_Files/Raspberry_Pi/Pico_SDK_v1.5.1/pico-sdk/lib/tinyusb/src/tusb.c.obj
                0x10006708                tusb_init
 .text.tusb_inited
                0x10006712        0xe CMakeFiles/ADC.dir/C_/Program_Files/Raspberry_Pi/Pico_SDK_v1.5.1/pico-sdk/lib/tinyusb/src/tusb.c.obj
                0x10006712                tusb_inited
 .text.tu_edpt_claim
                0x10006720       0x50 CMakeFiles/ADC.dir/C_/Program_Files/Raspberry_Pi/Pico_SDK_v1.5.1/pico-sdk/lib/tinyusb/src/tusb.c.obj
                0x10006720                tu_edpt_claim
 .text.tu_edpt_release
                0x10006770       0x3c CMakeFiles/ADC.dir/C_/Program_Files/Raspberry_Pi/Pico_SDK_v1.5.1/pico-sdk/lib/tinyusb/src/tusb.c.obj
                0x10006770                tu_edpt_release
 .text.tu_edpt_validate
                0x100067ac       0x78 CMakeFiles/ADC.dir/C_/Program_Files/Raspberry_Pi/Pico_SDK_v1.5.1/pico-sdk/lib/tinyusb/src/tusb.c.obj
                0x100067ac                tu_edpt_validate
 .text.tu_edpt_bind_driver
                0x10006824       0x26 CMakeFiles/ADC.dir/C_/Program_Files/Raspberry_Pi/Pico_SDK_v1.5.1/pico-sdk/lib/tinyusb/src/tusb.c.obj
                0x10006824                tu_edpt_bind_driver
 .text.advance_index
                0x1000684a       0x1a CMakeFiles/ADC.dir/C_/Program_Files/Raspberry_Pi/Pico_SDK_v1.5.1/pico-sdk/lib/tinyusb/src/common/tusb_fifo.c.obj
 .text._tu_fifo_peek
                0x10006864       0x56 CMakeFiles/ADC.dir/C_/Program_Files/Raspberry_Pi/Pico_SDK_v1.5.1/pico-sdk/lib/tinyusb/src/common/tusb_fifo.c.obj
 .text._ff_pull_const_addr
                0x100068ba       0x4c CMakeFiles/ADC.dir/C_/Program_Files/Raspberry_Pi/Pico_SDK_v1.5.1/pico-sdk/lib/tinyusb/src/common/tusb_fifo.c.obj
 .text._ff_pull_n
                0x10006906      0x110 CMakeFiles/ADC.dir/C_/Program_Files/Raspberry_Pi/Pico_SDK_v1.5.1/pico-sdk/lib/tinyusb/src/common/tusb_fifo.c.obj
 .text._tu_fifo_peek_n
                0x10006a16       0x6a CMakeFiles/ADC.dir/C_/Program_Files/Raspberry_Pi/Pico_SDK_v1.5.1/pico-sdk/lib/tinyusb/src/common/tusb_fifo.c.obj
 .text._tu_fifo_read_n
                0x10006a80       0x4e CMakeFiles/ADC.dir/C_/Program_Files/Raspberry_Pi/Pico_SDK_v1.5.1/pico-sdk/lib/tinyusb/src/common/tusb_fifo.c.obj
 .text._ff_push_const_addr
                0x10006ace       0x40 CMakeFiles/ADC.dir/C_/Program_Files/Raspberry_Pi/Pico_SDK_v1.5.1/pico-sdk/lib/tinyusb/src/common/tusb_fifo.c.obj
 .text._ff_push_n
                0x10006b0e      0x10c CMakeFiles/ADC.dir/C_/Program_Files/Raspberry_Pi/Pico_SDK_v1.5.1/pico-sdk/lib/tinyusb/src/common/tusb_fifo.c.obj
 .text._tu_fifo_write_n
                0x10006c1a       0xf0 CMakeFiles/ADC.dir/C_/Program_Files/Raspberry_Pi/Pico_SDK_v1.5.1/pico-sdk/lib/tinyusb/src/common/tusb_fifo.c.obj
 .text.tu_fifo_config
                0x10006d0a       0x7c CMakeFiles/ADC.dir/C_/Program_Files/Raspberry_Pi/Pico_SDK_v1.5.1/pico-sdk/lib/tinyusb/src/common/tusb_fifo.c.obj
                0x10006d0a                tu_fifo_config
 .text.tu_fifo_count
                0x10006d86       0x2a CMakeFiles/ADC.dir/C_/Program_Files/Raspberry_Pi/Pico_SDK_v1.5.1/pico-sdk/lib/tinyusb/src/common/tusb_fifo.c.obj
                0x10006d86                tu_fifo_count
 .text.tu_fifo_empty
                0x10006db0       0x10 CMakeFiles/ADC.dir/C_/Program_Files/Raspberry_Pi/Pico_SDK_v1.5.1/pico-sdk/lib/tinyusb/src/common/tusb_fifo.c.obj
                0x10006db0                tu_fifo_empty
 .text.tu_fifo_full
                0x10006dc0       0x28 CMakeFiles/ADC.dir/C_/Program_Files/Raspberry_Pi/Pico_SDK_v1.5.1/pico-sdk/lib/tinyusb/src/common/tusb_fifo.c.obj
                0x10006dc0                tu_fifo_full
 .text.tu_fifo_remaining
                0x10006de8       0x2c CMakeFiles/ADC.dir/C_/Program_Files/Raspberry_Pi/Pico_SDK_v1.5.1/pico-sdk/lib/tinyusb/src/common/tusb_fifo.c.obj
                0x10006de8                tu_fifo_remaining
 .text.tu_fifo_read
                0x10006e14       0x42 CMakeFiles/ADC.dir/C_/Program_Files/Raspberry_Pi/Pico_SDK_v1.5.1/pico-sdk/lib/tinyusb/src/common/tusb_fifo.c.obj
                0x10006e14                tu_fifo_read
 .text.tu_fifo_read_n
                0x10006e56        0xa CMakeFiles/ADC.dir/C_/Program_Files/Raspberry_Pi/Pico_SDK_v1.5.1/pico-sdk/lib/tinyusb/src/common/tusb_fifo.c.obj
                0x10006e56                tu_fifo_read_n
 .text.tu_fifo_write
                0x10006e60       0x64 CMakeFiles/ADC.dir/C_/Program_Files/Raspberry_Pi/Pico_SDK_v1.5.1/pico-sdk/lib/tinyusb/src/common/tusb_fifo.c.obj
                0x10006e60                tu_fifo_write
 .text.tu_fifo_write_n
                0x10006ec4        0xa CMakeFiles/ADC.dir/C_/Program_Files/Raspberry_Pi/Pico_SDK_v1.5.1/pico-sdk/lib/tinyusb/src/common/tusb_fifo.c.obj
                0x10006ec4                tu_fifo_write_n
 .text.tu_fifo_clear
                0x10006ece       0x3e CMakeFiles/ADC.dir/C_/Program_Files/Raspberry_Pi/Pico_SDK_v1.5.1/pico-sdk/lib/tinyusb/src/common/tusb_fifo.c.obj
                0x10006ece                tu_fifo_clear
 .text.tu_fifo_set_overwritable
                0x10006f0c       0x46 CMakeFiles/ADC.dir/C_/Program_Files/Raspberry_Pi/Pico_SDK_v1.5.1/pico-sdk/lib/tinyusb/src/common/tusb_fifo.c.obj
                0x10006f0c                tu_fifo_set_overwritable
 *fill*         0x10006f52        0x2 
 .text.adc_init
                0x10006f54       0x34 CMakeFiles/ADC.dir/C_/Program_Files/Raspberry_Pi/Pico_SDK_v1.5.1/pico-sdk/src/rp2_common/hardware_adc/adc.c.obj
                0x10006f54                adc_init
 .text.__sflush_r
                0x10006f88      0x140 c:/progra~1/raspbe~1/picosd~1.1/gcc-ar~1/bin/../lib/gcc/arm-none-eabi/10.3.1/../../../../arm-none-eabi/lib/thumb/v6-m/nofp\libg.a(lib_a-fflush.o)
                0x10006f88                __sflush_r
 .text._fflush_r
                0x100070c8       0x6c c:/progra~1/raspbe~1/picosd~1.1/gcc-ar~1/bin/../lib/gcc/arm-none-eabi/10.3.1/../../../../arm-none-eabi/lib/thumb/v6-m/nofp\libg.a(lib_a-fflush.o)
                0x100070c8                _fflush_r
 .text.fflush   0x10007134       0x78 c:/progra~1/raspbe~1/picosd~1.1/gcc-ar~1/bin/../lib/gcc/arm-none-eabi/10.3.1/../../../../arm-none-eabi/lib/thumb/v6-m/nofp\libg.a(lib_a-fflush.o)
                0x10007134                fflush
 .text._cleanup_r
                0x100071ac       0x10 c:/progra~1/raspbe~1/picosd~1.1/gcc-ar~1/bin/../lib/gcc/arm-none-eabi/10.3.1/../../../../arm-none-eabi/lib/thumb/v6-m/nofp\libg.a(lib_a-findfp.o)
                0x100071ac                _cleanup_r
 .text.__sinit  0x100071bc      0x120 c:/progra~1/raspbe~1/picosd~1.1/gcc-ar~1/bin/../lib/gcc/arm-none-eabi/10.3.1/../../../../arm-none-eabi/lib/thumb/v6-m/nofp\libg.a(lib_a-findfp.o)
                0x100071bc                __sinit
 .text.__sfp_lock_acquire
                0x100072dc       0x10 c:/progra~1/raspbe~1/picosd~1.1/gcc-ar~1/bin/../lib/gcc/arm-none-eabi/10.3.1/../../../../arm-none-eabi/lib/thumb/v6-m/nofp\libg.a(lib_a-findfp.o)
                0x100072dc                __sfp_lock_acquire
 .text.__sfp_lock_release
                0x100072ec       0x10 c:/progra~1/raspbe~1/picosd~1.1/gcc-ar~1/bin/../lib/gcc/arm-none-eabi/10.3.1/../../../../arm-none-eabi/lib/thumb/v6-m/nofp\libg.a(lib_a-findfp.o)
                0x100072ec                __sfp_lock_release
 .text._malloc_trim_r
                0x100072fc       0x9c c:/progra~1/raspbe~1/picosd~1.1/gcc-ar~1/bin/../lib/gcc/arm-none-eabi/10.3.1/../../../../arm-none-eabi/lib/thumb/v6-m/nofp\libg.a(lib_a-freer.o)
                0x100072fc                _malloc_trim_r
 .text._free_r  0x10007398      0x1c4 c:/progra~1/raspbe~1/picosd~1.1/gcc-ar~1/bin/../lib/gcc/arm-none-eabi/10.3.1/../../../../arm-none-eabi/lib/thumb/v6-m/nofp\libg.a(lib_a-freer.o)
                0x10007398                _free_r
 .text._fwalk_reent
                0x1000755c       0x48 c:/progra~1/raspbe~1/picosd~1.1/gcc-ar~1/bin/../lib/gcc/arm-none-eabi/10.3.1/../../../../arm-none-eabi/lib/thumb/v6-m/nofp\libg.a(lib_a-fwalk.o)
                0x1000755c                _fwalk_reent
 .text.__retarget_lock_init_recursive
                0x100075a4        0x4 c:/progra~1/raspbe~1/picosd~1.1/gcc-ar~1/bin/../lib/gcc/arm-none-eabi/10.3.1/../../../../arm-none-eabi/lib/thumb/v6-m/nofp\libg.a(lib_a-lock.o)
                0x100075a4                __retarget_lock_init_recursive
 .text.__retarget_lock_close_recursive
                0x100075a8        0x4 c:/progra~1/raspbe~1/picosd~1.1/gcc-ar~1/bin/../lib/gcc/arm-none-eabi/10.3.1/../../../../arm-none-eabi/lib/thumb/v6-m/nofp\libg.a(lib_a-lock.o)
                0x100075a8                __retarget_lock_close_recursive
 .text.__retarget_lock_acquire_recursive
                0x100075ac        0x4 c:/progra~1/raspbe~1/picosd~1.1/gcc-ar~1/bin/../lib/gcc/arm-none-eabi/10.3.1/../../../../arm-none-eabi/lib/thumb/v6-m/nofp\libg.a(lib_a-lock.o)
                0x100075ac                __retarget_lock_acquire_recursive
 .text.__retarget_lock_release_recursive
                0x100075b0        0x4 c:/progra~1/raspbe~1/picosd~1.1/gcc-ar~1/bin/../lib/gcc/arm-none-eabi/10.3.1/../../../../arm-none-eabi/lib/thumb/v6-m/nofp\libg.a(lib_a-lock.o)
                0x100075b0                __retarget_lock_release_recursive
 .text.__malloc_lock
                0x100075b4       0x10 c:/progra~1/raspbe~1/picosd~1.1/gcc-ar~1/bin/../lib/gcc/arm-none-eabi/10.3.1/../../../../arm-none-eabi/lib/thumb/v6-m/nofp\libg.a(lib_a-mlock.o)
                0x100075b4                __malloc_lock
 .text.__malloc_unlock
                0x100075c4       0x10 c:/progra~1/raspbe~1/picosd~1.1/gcc-ar~1/bin/../lib/gcc/arm-none-eabi/10.3.1/../../../../arm-none-eabi/lib/thumb/v6-m/nofp\libg.a(lib_a-mlock.o)
                0x100075c4                __malloc_unlock
 .text._sbrk_r  0x100075d4       0x24 c:/progra~1/raspbe~1/picosd~1.1/gcc-ar~1/bin/../lib/gcc/arm-none-eabi/10.3.1/../../../../arm-none-eabi/lib/thumb/v6-m/nofp\libg.a(lib_a-sbrkr.o)
                0x100075d4                _sbrk_r
 .text.__sread  0x100075f8       0x28 c:/progra~1/raspbe~1/picosd~1.1/gcc-ar~1/bin/../lib/gcc/arm-none-eabi/10.3.1/../../../../arm-none-eabi/lib/thumb/v6-m/nofp\libg.a(lib_a-stdio.o)
                0x100075f8                __sread
 .text.__swrite
                0x10007620       0x40 c:/progra~1/raspbe~1/picosd~1.1/gcc-ar~1/bin/../lib/gcc/arm-none-eabi/10.3.1/../../../../arm-none-eabi/lib/thumb/v6-m/nofp\libg.a(lib_a-stdio.o)
                0x10007620                __swrite
 .text.__sseek  0x10007660       0x2c c:/progra~1/raspbe~1/picosd~1.1/gcc-ar~1/bin/../lib/gcc/arm-none-eabi/10.3.1/../../../../arm-none-eabi/lib/thumb/v6-m/nofp\libg.a(lib_a-stdio.o)
                0x10007660                __sseek
 .text.__sclose
                0x1000768c        0xc c:/progra~1/raspbe~1/picosd~1.1/gcc-ar~1/bin/../lib/gcc/arm-none-eabi/10.3.1/../../../../arm-none-eabi/lib/thumb/v6-m/nofp\libg.a(lib_a-stdio.o)
                0x1000768c                __sclose
 .text.strlen   0x10007698       0x5c c:/progra~1/raspbe~1/picosd~1.1/gcc-ar~1/bin/../lib/gcc/arm-none-eabi/10.3.1/../../../../arm-none-eabi/lib/thumb/v6-m/nofp\libg.a(lib_a-strlen-stub.o)
                0x10007698                strlen
 .text._write_r
                0x100076f4       0x28 c:/progra~1/raspbe~1/picosd~1.1/gcc-ar~1/bin/../lib/gcc/arm-none-eabi/10.3.1/../../../../arm-none-eabi/lib/thumb/v6-m/nofp\libg.a(lib_a-writer.o)
                0x100076f4                _write_r
 .text._close_r
                0x1000771c       0x24 c:/progra~1/raspbe~1/picosd~1.1/gcc-ar~1/bin/../lib/gcc/arm-none-eabi/10.3.1/../../../../arm-none-eabi/lib/thumb/v6-m/nofp\libg.a(lib_a-closer.o)
                0x1000771c                _close_r
 .text._fclose_r
                0x10007740       0xdc c:/progra~1/raspbe~1/picosd~1.1/gcc-ar~1/bin/../lib/gcc/arm-none-eabi/10.3.1/../../../../arm-none-eabi/lib/thumb/v6-m/nofp\libg.a(lib_a-fclose.o)
                0x10007740                _fclose_r
 .text._lseek_r
                0x1000781c       0x28 c:/progra~1/raspbe~1/picosd~1.1/gcc-ar~1/bin/../lib/gcc/arm-none-eabi/10.3.1/../../../../arm-none-eabi/lib/thumb/v6-m/nofp\libg.a(lib_a-lseekr.o)
                0x1000781c                _lseek_r
 .text._read_r  0x10007844       0x28 c:/progra~1/raspbe~1/picosd~1.1/gcc-ar~1/bin/../lib/gcc/arm-none-eabi/10.3.1/../../../../arm-none-eabi/lib/thumb/v6-m/nofp\libg.a(lib_a-readr.o)
                0x10007844                _read_r
 *(.fini)
 .fini          0x1000786c        0x4 c:/progra~1/raspbe~1/picosd~1.1/gcc-ar~1/bin/../lib/gcc/arm-none-eabi/10.3.1/thumb/v6-m/nofp/crti.o
                0x1000786c                _fini
 .fini.__stub   0x10007870       0xe0 linker stubs
 *crtbegin.o(.ctors)
 *crtbegin?.o(.ctors)
 *(EXCLUDE_FILE(*crtend.o *crtend?.o) .ctors)
 *(SORT_BY_NAME(.ctors.*))
 *(.ctors)
 *crtbegin.o(.dtors)
 *crtbegin?.o(.dtors)
 *(EXCLUDE_FILE(*crtend.o *crtend?.o) .dtors)
 *(SORT_BY_NAME(.dtors.*))
 *(.dtors)
 *(.eh_frame*)
 .eh_frame      0x10007950        0x0 c:/progra~1/raspbe~1/picosd~1.1/gcc-ar~1/bin/../lib/gcc/arm-none-eabi/10.3.1/thumb/v6-m/nofp/crtbegin.o
                0x10007950                . = ALIGN (0x4)

.glue_7         0x10007950        0x0
 .glue_7        0x10007950        0x0 linker stubs

.glue_7t        0x10007950        0x0
 .glue_7t       0x10007950        0x0 linker stubs

.vfp11_veneer   0x10007950        0x0
 .vfp11_veneer  0x10007950        0x0 linker stubs

.v4_bx          0x10007950        0x0
 .v4_bx         0x10007950        0x0 linker stubs

.iplt           0x10007950        0x0
 .iplt          0x10007950        0x0 c:/progra~1/raspbe~1/picosd~1.1/gcc-ar~1/bin/../lib/gcc/arm-none-eabi/10.3.1/thumb/v6-m/nofp/crtbegin.o

.rodata         0x10007950     0x175c
 *(EXCLUDE_FILE(*libm.a: *libc.a:*lib_a-mem*.o *libgcc.a:) .rodata*)
 .rodata.main.str1.4
                0x10007950        0xb CMakeFiles/ADC.dir/ADC.c.obj
 *fill*         0x1000795b        0x1 
 .rodata.spin_lock_claim_unused.str1.4
                0x1000795c       0x1b CMakeFiles/ADC.dir/C_/Program_Files/Raspberry_Pi/Pico_SDK_v1.5.1/pico-sdk/src/rp2_common/hardware_sync/sync.c.obj
 *fill*         0x10007977        0x1 
 .rodata.make_branch.str1.4
                0x10007978       0x89 CMakeFiles/ADC.dir/C_/Program_Files/Raspberry_Pi/Pico_SDK_v1.5.1/pico-sdk/src/rp2_common/hardware_irq/irq.c.obj
 *fill*         0x10007a01        0x3 
 .rodata.insert_branch_and_link.str1.4
                0x10007a04       0x10 CMakeFiles/ADC.dir/C_/Program_Files/Raspberry_Pi/Pico_SDK_v1.5.1/pico-sdk/src/rp2_common/hardware_irq/irq.c.obj
 .rodata.irq_set_exclusive_handler.str1.4
                0x10007a14       0x36 CMakeFiles/ADC.dir/C_/Program_Files/Raspberry_Pi/Pico_SDK_v1.5.1/pico-sdk/src/rp2_common/hardware_irq/irq.c.obj
 *fill*         0x10007a4a        0x2 
 .rodata.irq_add_shared_handler.str1.4
                0x10007a4c       0xd9 CMakeFiles/ADC.dir/C_/Program_Files/Raspberry_Pi/Pico_SDK_v1.5.1/pico-sdk/src/rp2_common/hardware_irq/irq.c.obj
 *fill*         0x10007b25        0x3 
 .rodata.irq_remove_handler.str1.4
                0x10007b28       0x3a CMakeFiles/ADC.dir/C_/Program_Files/Raspberry_Pi/Pico_SDK_v1.5.1/pico-sdk/src/rp2_common/hardware_irq/irq.c.obj
 *fill*         0x10007b62        0x2 
 .rodata.irq_add_tail_to_free_list.str1.4
                0x10007b64       0x3a CMakeFiles/ADC.dir/C_/Program_Files/Raspberry_Pi/Pico_SDK_v1.5.1/pico-sdk/src/rp2_common/hardware_irq/irq.c.obj
 *fill*         0x10007b9e        0x2 
 .rodata.user_irq_claim_unused.str1.4
                0x10007ba0       0x1b CMakeFiles/ADC.dir/C_/Program_Files/Raspberry_Pi/Pico_SDK_v1.5.1/pico-sdk/src/rp2_common/hardware_irq/irq.c.obj
 *fill*         0x10007bbb        0x1 
 .rodata.__func__.0
                0x10007bbc       0x1a CMakeFiles/ADC.dir/C_/Program_Files/Raspberry_Pi/Pico_SDK_v1.5.1/pico-sdk/src/rp2_common/hardware_irq/irq.c.obj
 *fill*         0x10007bd6        0x2 
 .rodata.__func__.1
                0x10007bd8       0x17 CMakeFiles/ADC.dir/C_/Program_Files/Raspberry_Pi/Pico_SDK_v1.5.1/pico-sdk/src/rp2_common/hardware_irq/irq.c.obj
 *fill*         0x10007bef        0x1 
 .rodata.__func__.2
                0x10007bf0       0x13 CMakeFiles/ADC.dir/C_/Program_Files/Raspberry_Pi/Pico_SDK_v1.5.1/pico-sdk/src/rp2_common/hardware_irq/irq.c.obj
 *fill*         0x10007c03        0x1 
 .rodata.__func__.3
                0x10007c04        0xc CMakeFiles/ADC.dir/C_/Program_Files/Raspberry_Pi/Pico_SDK_v1.5.1/pico-sdk/src/rp2_common/hardware_irq/irq.c.obj
 .rodata.__func__.4
                0x10007c10        0xf CMakeFiles/ADC.dir/C_/Program_Files/Raspberry_Pi/Pico_SDK_v1.5.1/pico-sdk/src/rp2_common/hardware_irq/irq.c.obj
 *fill*         0x10007c1f        0x1 
 .rodata.__func__.5
                0x10007c20       0x17 CMakeFiles/ADC.dir/C_/Program_Files/Raspberry_Pi/Pico_SDK_v1.5.1/pico-sdk/src/rp2_common/hardware_irq/irq.c.obj
 *fill*         0x10007c37        0x1 
 .rodata.__func__.6
                0x10007c38       0x1a CMakeFiles/ADC.dir/C_/Program_Files/Raspberry_Pi/Pico_SDK_v1.5.1/pico-sdk/src/rp2_common/hardware_irq/irq.c.obj
 *fill*         0x10007c52        0x2 
 .rodata.str1.4
                0x10007c54      0x125 CMakeFiles/ADC.dir/C_/Program_Files/Raspberry_Pi/Pico_SDK_v1.5.1/pico-sdk/src/common/pico_sync/mutex.c.obj
 *fill*         0x10007d79        0x3 
 .rodata.__func__.1
                0x10007d7c        0xb CMakeFiles/ADC.dir/C_/Program_Files/Raspberry_Pi/Pico_SDK_v1.5.1/pico-sdk/src/common/pico_sync/mutex.c.obj
 *fill*         0x10007d87        0x1 
 .rodata.__func__.3
                0x10007d88       0x18 CMakeFiles/ADC.dir/C_/Program_Files/Raspberry_Pi/Pico_SDK_v1.5.1/pico-sdk/src/common/pico_sync/mutex.c.obj
 .rodata.__func__.4
                0x10007da0       0x15 CMakeFiles/ADC.dir/C_/Program_Files/Raspberry_Pi/Pico_SDK_v1.5.1/pico-sdk/src/common/pico_sync/mutex.c.obj
 *fill*         0x10007db5        0x3 
 .rodata.repeating_timer_callback.str1.4
                0x10007db8       0x67 CMakeFiles/ADC.dir/C_/Program_Files/Raspberry_Pi/Pico_SDK_v1.5.1/pico-sdk/src/common/pico_time/time.c.obj
 *fill*         0x10007e1f        0x1 
 .rodata.timer_pool_entry_comparator.str1.4
                0x10007e20       0x22 CMakeFiles/ADC.dir/C_/Program_Files/Raspberry_Pi/Pico_SDK_v1.5.1/pico-sdk/src/common/pico_time/time.c.obj
 *fill*         0x10007e42        0x2 
 .rodata.ph_add_child_node.str1.4
                0x10007e44       0xb2 CMakeFiles/ADC.dir/C_/Program_Files/Raspberry_Pi/Pico_SDK_v1.5.1/pico-sdk/src/common/pico_time/time.c.obj
 *fill*         0x10007ef6        0x2 
 .rodata.add_alarm_under_lock.str1.4
                0x10007ef8       0x28 CMakeFiles/ADC.dir/C_/Program_Files/Raspberry_Pi/Pico_SDK_v1.5.1/pico-sdk/src/common/pico_time/time.c.obj
                                 0x2b (size before relaxing)
 .rodata.alarm_pool_alarm_callback.str1.4
                0x10007f20       0x98 CMakeFiles/ADC.dir/C_/Program_Files/Raspberry_Pi/Pico_SDK_v1.5.1/pico-sdk/src/common/pico_time/time.c.obj
                                0x118 (size before relaxing)
 .rodata.alarm_pool_get_default.str1.4
                0x10007fb8       0x21 CMakeFiles/ADC.dir/C_/Program_Files/Raspberry_Pi/Pico_SDK_v1.5.1/pico-sdk/src/common/pico_time/time.c.obj
 *fill*         0x10007fd9        0x3 
 .rodata.alarm_pool_cancel_alarm.str1.4
                0x10007fdc       0x27 CMakeFiles/ADC.dir/C_/Program_Files/Raspberry_Pi/Pico_SDK_v1.5.1/pico-sdk/src/common/pico_time/time.c.obj
 *fill*         0x10008003        0x1 
 .rodata.sleep_until.str1.4
                0x10008004       0x4d CMakeFiles/ADC.dir/C_/Program_Files/Raspberry_Pi/Pico_SDK_v1.5.1/pico-sdk/src/common/pico_time/time.c.obj
 *fill*         0x10008051        0x3 
 .rodata.__func__.1
                0x10008054       0x18 CMakeFiles/ADC.dir/C_/Program_Files/Raspberry_Pi/Pico_SDK_v1.5.1/pico-sdk/src/common/pico_time/time.c.obj
 .rodata.__func__.10
                0x1000806c       0x15 CMakeFiles/ADC.dir/C_/Program_Files/Raspberry_Pi/Pico_SDK_v1.5.1/pico-sdk/src/common/pico_time/time.c.obj
 *fill*         0x10008081        0x3 
 .rodata.__func__.11
                0x10008084       0x1a CMakeFiles/ADC.dir/C_/Program_Files/Raspberry_Pi/Pico_SDK_v1.5.1/pico-sdk/src/common/pico_time/time.c.obj
 *fill*         0x1000809e        0x2 
 .rodata.__func__.12
                0x100080a0        0xa CMakeFiles/ADC.dir/C_/Program_Files/Raspberry_Pi/Pico_SDK_v1.5.1/pico-sdk/src/common/pico_time/time.c.obj
 *fill*         0x100080aa        0x2 
 .rodata.__func__.3
                0x100080ac       0x17 CMakeFiles/ADC.dir/C_/Program_Files/Raspberry_Pi/Pico_SDK_v1.5.1/pico-sdk/src/common/pico_time/time.c.obj
 *fill*         0x100080c3        0x1 
 .rodata.__func__.4
                0x100080c4       0x12 CMakeFiles/ADC.dir/C_/Program_Files/Raspberry_Pi/Pico_SDK_v1.5.1/pico-sdk/src/common/pico_time/time.c.obj
 *fill*         0x100080d6        0x2 
 .rodata.__func__.5
                0x100080d8        0xd CMakeFiles/ADC.dir/C_/Program_Files/Raspberry_Pi/Pico_SDK_v1.5.1/pico-sdk/src/common/pico_time/time.c.obj
 *fill*         0x100080e5        0x3 
 .rodata.__func__.6
                0x100080e8       0x12 CMakeFiles/ADC.dir/C_/Program_Files/Raspberry_Pi/Pico_SDK_v1.5.1/pico-sdk/src/common/pico_time/time.c.obj
 *fill*         0x100080fa        0x2 
 .rodata.__func__.7
                0x100080fc        0xf CMakeFiles/ADC.dir/C_/Program_Files/Raspberry_Pi/Pico_SDK_v1.5.1/pico-sdk/src/common/pico_time/time.c.obj
 *fill*         0x1000810b        0x1 
 .rodata.__func__.8
                0x1000810c        0xc CMakeFiles/ADC.dir/C_/Program_Files/Raspberry_Pi/Pico_SDK_v1.5.1/pico-sdk/src/common/pico_time/time.c.obj
 .rodata.__func__.9
                0x10008118       0x15 CMakeFiles/ADC.dir/C_/Program_Files/Raspberry_Pi/Pico_SDK_v1.5.1/pico-sdk/src/common/pico_time/time.c.obj
 *fill*         0x1000812d        0x3 
 .rodata.at_the_end_of_time
                0x10008130        0x8 CMakeFiles/ADC.dir/C_/Program_Files/Raspberry_Pi/Pico_SDK_v1.5.1/pico-sdk/src/common/pico_time/time.c.obj
                0x10008130                at_the_end_of_time
 .rodata.hardware_alarm_claim.str1.4
                0x10008138       0x22 CMakeFiles/ADC.dir/C_/Program_Files/Raspberry_Pi/Pico_SDK_v1.5.1/pico-sdk/src/rp2_common/hardware_timer/timer.c.obj
 .rodata.busy_wait_us.str1.4
                0x1000815a       0x7d CMakeFiles/ADC.dir/C_/Program_Files/Raspberry_Pi/Pico_SDK_v1.5.1/pico-sdk/src/rp2_common/hardware_timer/timer.c.obj
 *fill*         0x1000815a        0x2 
 .rodata.hardware_alarm_set_target.str1.4
                0x1000815c       0x81 CMakeFiles/ADC.dir/C_/Program_Files/Raspberry_Pi/Pico_SDK_v1.5.1/pico-sdk/src/rp2_common/hardware_timer/timer.c.obj
 *fill*         0x100081dd        0x3 
 .rodata.__func__.0
                0x100081e0       0x1a CMakeFiles/ADC.dir/C_/Program_Files/Raspberry_Pi/Pico_SDK_v1.5.1/pico-sdk/src/rp2_common/hardware_timer/timer.c.obj
 *fill*         0x100081fa        0x2 
 .rodata.__func__.1
                0x100081fc       0x15 CMakeFiles/ADC.dir/C_/Program_Files/Raspberry_Pi/Pico_SDK_v1.5.1/pico-sdk/src/rp2_common/hardware_timer/timer.c.obj
 .rodata.ph_add_child_node.str1.4
                0x10008211       0xb2 CMakeFiles/ADC.dir/C_/Program_Files/Raspberry_Pi/Pico_SDK_v1.5.1/pico-sdk/src/common/pico_util/pheap.c.obj
 *fill*         0x10008211        0x3 
 .rodata.ph_remove_any_head.str1.4
                0x10008214       0xa8 CMakeFiles/ADC.dir/C_/Program_Files/Raspberry_Pi/Pico_SDK_v1.5.1/pico-sdk/src/common/pico_util/pheap.c.obj
                                 0xbc (size before relaxing)
 .rodata.ph_remove_and_free_node.str1.4
                0x100082bc       0x1e CMakeFiles/ADC.dir/C_/Program_Files/Raspberry_Pi/Pico_SDK_v1.5.1/pico-sdk/src/common/pico_util/pheap.c.obj
                                 0x26 (size before relaxing)
 *fill*         0x100082da        0x2 
 .rodata.__func__.0
                0x100082dc       0x18 CMakeFiles/ADC.dir/C_/Program_Files/Raspberry_Pi/Pico_SDK_v1.5.1/pico-sdk/src/common/pico_util/pheap.c.obj
 .rodata.__func__.1
                0x100082f4       0x13 CMakeFiles/ADC.dir/C_/Program_Files/Raspberry_Pi/Pico_SDK_v1.5.1/pico-sdk/src/common/pico_util/pheap.c.obj
 *fill*         0x10008307        0x1 
 .rodata.__func__.2
                0x10008308       0x12 CMakeFiles/ADC.dir/C_/Program_Files/Raspberry_Pi/Pico_SDK_v1.5.1/pico-sdk/src/common/pico_util/pheap.c.obj
 *fill*         0x1000831a        0x2 
 .rodata.__func__.3
                0x1000831c        0xc CMakeFiles/ADC.dir/C_/Program_Files/Raspberry_Pi/Pico_SDK_v1.5.1/pico-sdk/src/common/pico_util/pheap.c.obj
 .rodata.clock_configure.str1.4
                0x10008328       0x73 CMakeFiles/ADC.dir/C_/Program_Files/Raspberry_Pi/Pico_SDK_v1.5.1/pico-sdk/src/rp2_common/hardware_clocks/clocks.c.obj
 *fill*         0x1000839b        0x1 
 .rodata.__func__.1
                0x1000839c       0x10 CMakeFiles/ADC.dir/C_/Program_Files/Raspberry_Pi/Pico_SDK_v1.5.1/pico-sdk/src/rp2_common/hardware_clocks/clocks.c.obj
 .rodata.pll_init.str1.4
                0x100083ac      0x140 CMakeFiles/ADC.dir/C_/Program_Files/Raspberry_Pi/Pico_SDK_v1.5.1/pico-sdk/src/rp2_common/hardware_pll/pll.c.obj
 .rodata.__func__.0
                0x100084ec        0x9 CMakeFiles/ADC.dir/C_/Program_Files/Raspberry_Pi/Pico_SDK_v1.5.1/pico-sdk/src/rp2_common/hardware_pll/pll.c.obj
 *fill*         0x100084f5        0x3 
 .rodata.__assert_func.str1.4
                0x100084f8       0x3f CMakeFiles/ADC.dir/C_/Program_Files/Raspberry_Pi/Pico_SDK_v1.5.1/pico-sdk/src/rp2_common/pico_runtime/runtime.c.obj
                                 0x43 (size before relaxing)
 *fill*         0x10008537        0x1 
 .rodata.runtime_init.str1.4
                0x10008538       0x7d CMakeFiles/ADC.dir/C_/Program_Files/Raspberry_Pi/Pico_SDK_v1.5.1/pico-sdk/src/rp2_common/pico_runtime/runtime.c.obj
 *fill*         0x100085b5        0x3 
 .rodata.panic.str1.4
                0x100085b8       0x12 CMakeFiles/ADC.dir/C_/Program_Files/Raspberry_Pi/Pico_SDK_v1.5.1/pico-sdk/src/rp2_common/pico_runtime/runtime.c.obj
 *fill*         0x100085ca        0x2 
 .rodata.__func__.2
                0x100085cc        0xd CMakeFiles/ADC.dir/C_/Program_Files/Raspberry_Pi/Pico_SDK_v1.5.1/pico-sdk/src/rp2_common/pico_runtime/runtime.c.obj
 *fill*         0x100085d9        0x3 
 .rodata._ftoa.str1.4
                0x100085dc       0x15 CMakeFiles/ADC.dir/C_/Program_Files/Raspberry_Pi/Pico_SDK_v1.5.1/pico-sdk/src/rp2_common/pico_printf/printf.c.obj
 *fill*         0x100085f1        0x3 
 .rodata._vsnprintf
                0x100085f4      0x1e0 CMakeFiles/ADC.dir/C_/Program_Files/Raspberry_Pi/Pico_SDK_v1.5.1/pico-sdk/src/rp2_common/pico_printf/printf.c.obj
 *fill*         0x100087d4        0x4 
 .rodata.pow10.0
                0x100087d8       0x50 CMakeFiles/ADC.dir/C_/Program_Files/Raspberry_Pi/Pico_SDK_v1.5.1/pico-sdk/src/rp2_common/pico_printf/printf.c.obj
 .rodata.__aeabi_double_init.str1.4
                0x10008828       0xb8 CMakeFiles/ADC.dir/C_/Program_Files/Raspberry_Pi/Pico_SDK_v1.5.1/pico-sdk/src/rp2_common/pico_double/double_init_rom.c.obj
 .rodata.__func__.0
                0x100088e0       0x14 CMakeFiles/ADC.dir/C_/Program_Files/Raspberry_Pi/Pico_SDK_v1.5.1/pico-sdk/src/rp2_common/pico_double/double_init_rom.c.obj
 .rodata.__aeabi_float_init.str1.4
                0x100088f4       0x96 CMakeFiles/ADC.dir/C_/Program_Files/Raspberry_Pi/Pico_SDK_v1.5.1/pico-sdk/src/rp2_common/pico_float/float_init_rom.c.obj
                                 0x9a (size before relaxing)
 *fill*         0x1000898a        0x2 
 .rodata.__func__.0
                0x1000898c       0x13 CMakeFiles/ADC.dir/C_/Program_Files/Raspberry_Pi/Pico_SDK_v1.5.1/pico-sdk/src/rp2_common/pico_float/float_init_rom.c.obj
 *fill*         0x1000899f        0x1 
 .rodata.str1.4
                0x100089a0       0x38 CMakeFiles/ADC.dir/C_/Program_Files/Raspberry_Pi/Pico_SDK_v1.5.1/pico-sdk/src/rp2_common/pico_standard_link/binary_info.c.obj
 .rodata.__bi_44
                0x100089d8        0xc CMakeFiles/ADC.dir/C_/Program_Files/Raspberry_Pi/Pico_SDK_v1.5.1/pico-sdk/src/rp2_common/pico_standard_link/binary_info.c.obj
 .rodata.__bi_75
                0x100089e4        0xc CMakeFiles/ADC.dir/C_/Program_Files/Raspberry_Pi/Pico_SDK_v1.5.1/pico-sdk/src/rp2_common/pico_standard_link/binary_info.c.obj
 .rodata.__bi_81
                0x100089f0        0xc CMakeFiles/ADC.dir/C_/Program_Files/Raspberry_Pi/Pico_SDK_v1.5.1/pico-sdk/src/rp2_common/pico_standard_link/binary_info.c.obj
 .rodata.stdout_serialize_begin.str1.4
                0x100089fc       0x7d CMakeFiles/ADC.dir/C_/Program_Files/Raspberry_Pi/Pico_SDK_v1.5.1/pico-sdk/src/rp2_common/pico_stdio/stdio.c.obj
 .rodata.__func__.3
                0x100089fc       0x15 CMakeFiles/ADC.dir/C_/Program_Files/Raspberry_Pi/Pico_SDK_v1.5.1/pico-sdk/src/rp2_common/pico_stdio/stdio.c.obj
 *fill*         0x10008a11        0x3 
 .rodata.crlf_str.2
                0x10008a14        0x2 CMakeFiles/ADC.dir/C_/Program_Files/Raspberry_Pi/Pico_SDK_v1.5.1/pico-sdk/src/rp2_common/pico_stdio/stdio.c.obj
 *fill*         0x10008a16        0x2 
 .rodata._resetd_driver
                0x10008a18       0x18 CMakeFiles/ADC.dir/C_/Program_Files/Raspberry_Pi/Pico_SDK_v1.5.1/pico-sdk/src/rp2_common/pico_stdio_usb/reset_interface.c.obj
 .rodata.low_priority_worker_irq.str1.4
                0x10008a30       0x7d CMakeFiles/ADC.dir/C_/Program_Files/Raspberry_Pi/Pico_SDK_v1.5.1/pico-sdk/src/rp2_common/pico_stdio_usb/stdio_usb.c.obj
 .rodata.stdio_usb_init.str1.4
                0x10008a30       0x61 CMakeFiles/ADC.dir/C_/Program_Files/Raspberry_Pi/Pico_SDK_v1.5.1/pico-sdk/src/rp2_common/pico_stdio_usb/stdio_usb.c.obj
                                 0x69 (size before relaxing)
 *fill*         0x10008a91        0x3 
 .rodata.str1.4
                0x10008a94       0x13 CMakeFiles/ADC.dir/C_/Program_Files/Raspberry_Pi/Pico_SDK_v1.5.1/pico-sdk/src/rp2_common/pico_stdio_usb/stdio_usb.c.obj
 *fill*         0x10008aa7        0x1 
 .rodata.__bi_182.0
                0x10008aa8        0xc CMakeFiles/ADC.dir/C_/Program_Files/Raspberry_Pi/Pico_SDK_v1.5.1/pico-sdk/src/rp2_common/pico_stdio_usb/stdio_usb.c.obj
 .rodata.__func__.1
                0x10008ab4        0xf CMakeFiles/ADC.dir/C_/Program_Files/Raspberry_Pi/Pico_SDK_v1.5.1/pico-sdk/src/rp2_common/pico_stdio_usb/stdio_usb.c.obj
 *fill*         0x10008ac3        0x1 
 .rodata.__func__.3
                0x10008ac4       0x15 CMakeFiles/ADC.dir/C_/Program_Files/Raspberry_Pi/Pico_SDK_v1.5.1/pico-sdk/src/rp2_common/pico_stdio_usb/stdio_usb.c.obj
 *fill*         0x10008ad9        0x3 
 .rodata.str1.4
                0x10008adc       0x2a CMakeFiles/ADC.dir/C_/Program_Files/Raspberry_Pi/Pico_SDK_v1.5.1/pico-sdk/src/rp2_common/pico_stdio_usb/stdio_usb_descriptors.c.obj
 *fill*         0x10008b06        0x2 
 .rodata.usbd_desc_cfg
                0x10008b08       0x54 CMakeFiles/ADC.dir/C_/Program_Files/Raspberry_Pi/Pico_SDK_v1.5.1/pico-sdk/src/rp2_common/pico_stdio_usb/stdio_usb_descriptors.c.obj
 .rodata.usbd_desc_device
                0x10008b5c       0x12 CMakeFiles/ADC.dir/C_/Program_Files/Raspberry_Pi/Pico_SDK_v1.5.1/pico-sdk/src/rp2_common/pico_stdio_usb/stdio_usb_descriptors.c.obj
 *fill*         0x10008b6e        0x2 
 .rodata.usbd_desc_str
                0x10008b70       0x18 CMakeFiles/ADC.dir/C_/Program_Files/Raspberry_Pi/Pico_SDK_v1.5.1/pico-sdk/src/rp2_common/pico_stdio_usb/stdio_usb_descriptors.c.obj
 .rodata.pico_get_unique_board_id_string.str1.4
                0x10008b88       0x69 CMakeFiles/ADC.dir/C_/Program_Files/Raspberry_Pi/Pico_SDK_v1.5.1/pico-sdk/src/rp2_common/pico_unique_id/unique_id.c.obj
 *fill*         0x10008bf1        0x3 
 .rodata.__func__.0
                0x10008bf4       0x20 CMakeFiles/ADC.dir/C_/Program_Files/Raspberry_Pi/Pico_SDK_v1.5.1/pico-sdk/src/rp2_common/pico_unique_id/unique_id.c.obj
 .rodata.str1.4
                0x10008c14      0x176 CMakeFiles/ADC.dir/C_/Program_Files/Raspberry_Pi/Pico_SDK_v1.5.1/pico-sdk/src/rp2_common/hardware_flash/flash.c.obj
 *fill*         0x10008d8a        0x2 
 .rodata.__func__.0
                0x10008d8c        0xd CMakeFiles/ADC.dir/C_/Program_Files/Raspberry_Pi/Pico_SDK_v1.5.1/pico-sdk/src/rp2_common/hardware_flash/flash.c.obj
 *fill*         0x10008d99        0x3 
 .rodata._hw_endpoint_alloc.str1.4
                0x10008d9c       0xd1 CMakeFiles/ADC.dir/C_/Program_Files/Raspberry_Pi/Pico_SDK_v1.5.1/pico-sdk/lib/tinyusb/src/portable/raspberrypi/rp2040/dcd_rp2040.c.obj
 *fill*         0x10008e6d        0x3 
 .rodata.str1.4
                0x10008e70       0x14 CMakeFiles/ADC.dir/C_/Program_Files/Raspberry_Pi/Pico_SDK_v1.5.1/pico-sdk/lib/tinyusb/src/portable/raspberrypi/rp2040/dcd_rp2040.c.obj
 .rodata.dcd_int_enable.str1.4
                0x10008e84        0xc CMakeFiles/ADC.dir/C_/Program_Files/Raspberry_Pi/Pico_SDK_v1.5.1/pico-sdk/lib/tinyusb/src/portable/raspberrypi/rp2040/dcd_rp2040.c.obj
 .rodata.__func__.0
                0x10008e90        0xe CMakeFiles/ADC.dir/C_/Program_Files/Raspberry_Pi/Pico_SDK_v1.5.1/pico-sdk/lib/tinyusb/src/portable/raspberrypi/rp2040/dcd_rp2040.c.obj
 *fill*         0x10008e9e        0x2 
 .rodata.__func__.1
                0x10008ea0        0xe CMakeFiles/ADC.dir/C_/Program_Files/Raspberry_Pi/Pico_SDK_v1.5.1/pico-sdk/lib/tinyusb/src/portable/raspberrypi/rp2040/dcd_rp2040.c.obj
 *fill*         0x10008eae        0x2 
 .rodata.__func__.3
                0x10008eb0       0x10 CMakeFiles/ADC.dir/C_/Program_Files/Raspberry_Pi/Pico_SDK_v1.5.1/pico-sdk/lib/tinyusb/src/portable/raspberrypi/rp2040/dcd_rp2040.c.obj
 .rodata.__func__.5
                0x10008ec0        0xf CMakeFiles/ADC.dir/C_/Program_Files/Raspberry_Pi/Pico_SDK_v1.5.1/pico-sdk/lib/tinyusb/src/portable/raspberrypi/rp2040/dcd_rp2040.c.obj
 *fill*         0x10008ecf        0x1 
 .rodata.__func__.6
                0x10008ed0       0x13 CMakeFiles/ADC.dir/C_/Program_Files/Raspberry_Pi/Pico_SDK_v1.5.1/pico-sdk/lib/tinyusb/src/portable/raspberrypi/rp2040/dcd_rp2040.c.obj
 *fill*         0x10008ee3        0x1 
 .rodata.__func__.7
                0x10008ee4        0x9 CMakeFiles/ADC.dir/C_/Program_Files/Raspberry_Pi/Pico_SDK_v1.5.1/pico-sdk/lib/tinyusb/src/portable/raspberrypi/rp2040/dcd_rp2040.c.obj
 *fill*         0x10008eed        0x3 
 .rodata.str1.4
                0x10008ef0      0x103 CMakeFiles/ADC.dir/C_/Program_Files/Raspberry_Pi/Pico_SDK_v1.5.1/pico-sdk/lib/tinyusb/src/portable/raspberrypi/rp2040/rp2040_usb.c.obj
 *fill*         0x10008ff3        0x1 
 .rodata.__func__.0
                0x10008ff4        0xf CMakeFiles/ADC.dir/C_/Program_Files/Raspberry_Pi/Pico_SDK_v1.5.1/pico-sdk/lib/tinyusb/src/portable/raspberrypi/rp2040/rp2040_usb.c.obj
 *fill*         0x10009003        0x1 
 .rodata.process_get_descriptor
                0x10009004       0x40 CMakeFiles/ADC.dir/C_/Program_Files/Raspberry_Pi/Pico_SDK_v1.5.1/pico-sdk/lib/tinyusb/src/device/usbd.c.obj
 .rodata.process_control_request
                0x10009044       0x28 CMakeFiles/ADC.dir/C_/Program_Files/Raspberry_Pi/Pico_SDK_v1.5.1/pico-sdk/lib/tinyusb/src/device/usbd.c.obj
 .rodata.tud_task_ext
                0x1000906c       0x24 CMakeFiles/ADC.dir/C_/Program_Files/Raspberry_Pi/Pico_SDK_v1.5.1/pico-sdk/lib/tinyusb/src/device/usbd.c.obj
 .rodata._usbd_driver
                0x10009090       0x18 CMakeFiles/ADC.dir/C_/Program_Files/Raspberry_Pi/Pico_SDK_v1.5.1/pico-sdk/lib/tinyusb/src/device/usbd.c.obj
 .rodata._global_impure_ptr
                0x100090a8        0x4 c:/progra~1/raspbe~1/picosd~1.1/gcc-ar~1/bin/../lib/gcc/arm-none-eabi/10.3.1/../../../../arm-none-eabi/lib/thumb/v6-m/nofp\libg.a(lib_a-impure.o)
                0x100090a8                _global_impure_ptr
                0x100090ac                . = ALIGN (0x4)
 *(SORT_BY_ALIGNMENT(SORT_BY_NAME(.flashdata*)))
                0x100090ac                . = ALIGN (0x4)

.ARM.extab
 *(.ARM.extab* .gnu.linkonce.armextab.*)
                0x100090ac                __exidx_start = .

.ARM.exidx
 *(.ARM.exidx* .gnu.linkonce.armexidx.*)
                0x100090ac                __exidx_end = .
                0x100090ac                . = ALIGN (0x4)
                0x100090ac                __binary_info_start = .

.binary_info    0x100090ac       0x20
 *(.binary_info.keep.*)
 .binary_info.keep.__bi_ptr22
                0x100090ac        0x4 CMakeFiles/ADC.dir/C_/Program_Files/Raspberry_Pi/Pico_SDK_v1.5.1/pico-sdk/src/rp2_common/pico_standard_link/binary_info.c.obj
 .binary_info.keep.__bi_ptr30
                0x100090b0        0x4 CMakeFiles/ADC.dir/C_/Program_Files/Raspberry_Pi/Pico_SDK_v1.5.1/pico-sdk/src/rp2_common/pico_standard_link/binary_info.c.obj
 .binary_info.keep.__bi_ptr38
                0x100090b4        0x4 CMakeFiles/ADC.dir/C_/Program_Files/Raspberry_Pi/Pico_SDK_v1.5.1/pico-sdk/src/rp2_common/pico_standard_link/binary_info.c.obj
 .binary_info.keep.__bi_ptr44
                0x100090b8        0x4 CMakeFiles/ADC.dir/C_/Program_Files/Raspberry_Pi/Pico_SDK_v1.5.1/pico-sdk/src/rp2_common/pico_standard_link/binary_info.c.obj
 .binary_info.keep.__bi_ptr50
                0x100090bc        0x4 CMakeFiles/ADC.dir/C_/Program_Files/Raspberry_Pi/Pico_SDK_v1.5.1/pico-sdk/src/rp2_common/pico_standard_link/binary_info.c.obj
 .binary_info.keep.__bi_ptr75
                0x100090c0        0x4 CMakeFiles/ADC.dir/C_/Program_Files/Raspberry_Pi/Pico_SDK_v1.5.1/pico-sdk/src/rp2_common/pico_standard_link/binary_info.c.obj
 .binary_info.keep.__bi_ptr81